 GameTest

 Timestamp is 5db5e439 (Sun Oct 27 19:38:49 2019)

 Preferred load address is 0000000140000000

 Start         Length     Name                   Class
 0001:00000000 00010000H .textbss                DATA
 0002:00000000 00003840H .text$di                CODE
 0002:00003840 0001f740H .text$mn                CODE
 0002:00022f80 00001020H .text$mn$00             CODE
 0002:00023fa0 000018d0H .text$x                 CODE
 0002:00025870 000011e3H .text$yd                CODE
 0003:00000000 00000110H .CRT$XCA                DATA
 0003:00000110 00000110H .CRT$XCAA               DATA
 0003:00000220 00000158H .CRT$XCU                DATA
 0003:00000378 00000110H .CRT$XCZ                DATA
 0003:00000488 00000110H .CRT$XIA                DATA
 0003:00000598 00000110H .CRT$XIAA               DATA
 0003:000006a8 00000110H .CRT$XIAC               DATA
 0003:000007b8 00000110H .CRT$XIC                DATA
 0003:000008c8 00000110H .CRT$XIZ                DATA
 0003:000009d8 00000008H .CRT$XLA                DATA
 0003:000009e0 00000008H .CRT$XLZ                DATA
 0003:000009e8 00000110H .CRT$XPA                DATA
 0003:00000af8 00000110H .CRT$XPZ                DATA
 0003:00000c08 00000110H .CRT$XTA                DATA
 0003:00000d18 00000118H .CRT$XTZ                DATA
 0003:00000e30 0000b5b0H .rdata                  DATA
 0003:0000c3e0 00000130H .rdata$T                DATA
 0003:0000c510 00000348H .rdata$r                DATA
 0003:0000c858 000001b0H .rdata$zzzdbg           DATA
 0003:0000ca08 00000110H .rtc$IAA                DATA
 0003:0000cb18 00000208H .rtc$IMZ                DATA
 0003:0000cd20 00000110H .rtc$IZZ                DATA
 0003:0000ce30 00000110H .rtc$TAA                DATA
 0003:0000cf40 00000208H .rtc$TMZ                DATA
 0003:0000d148 00000118H .rtc$TZZ                DATA
 0003:0000d260 00004698H .xdata                  DATA
 0003:000118f8 0000020aH .xdata$x                DATA
 0003:00011b02 00000000H .edata                  DATA
 0004:00000000 00000190H .data                   DATA
 0004:00000190 000001d0H .data$r                 DATA
 0004:00000360 00000a40H .bss                    DATA
 0005:00000000 00003cccH .pdata                  DATA
 0006:00000000 000008c8H .idata$5                DATA
 0006:000008c8 000000c8H .idata$2                DATA
 0006:00000990 00000018H .idata$3                DATA
 0006:000009a8 000008c8H .idata$4                DATA
 0006:00001270 00000d05H .idata$6                DATA
 0007:00000000 000003a3H .msvcjmc                DATA
 0008:00000000 00000104H .tls                    DATA
 0008:00000104 00000104H .tls$                   DATA
 0008:00000208 00000101H .tls$ZZZ                DATA
 0009:00000000 0000011bH .00cfg                  DATA
 000a:00000000 00000170H .rsrc$01                DATA
 000a:00000170 000002ccH .rsrc$02                DATA

  Address         Publics by Value              Rva+Base               Lib:Object

 0000:00000000       __AbsoluteZero             0000000000000000     <absolute>
 0000:00000000       ___safe_se_handler_count   0000000000000000     <absolute>
 0000:00000000       __hybrid_code_map_count    0000000000000000     <absolute>
 0000:00000000       __guard_longjmp_count      0000000000000000     <absolute>
 0000:00000000       __guard_iat_table          0000000000000000     <absolute>
 0000:00000000       __hybrid_code_map          0000000000000000     <absolute>
 0000:00000000       __guard_fids_table         0000000000000000     <absolute>
 0000:00000000       __dynamic_value_reloc_table 0000000000000000     <absolute>
 0000:00000000       __hybrid_auxiliary_iat     0000000000000000     <absolute>
 0000:00000000       ___safe_se_handler_table   0000000000000000     <absolute>
 0000:00000000       __guard_iat_count          0000000000000000     <absolute>
 0000:00000000       __enclave_config           0000000000000000     <absolute>
 0000:00000000       __guard_longjmp_table      0000000000000000     <absolute>
 0000:00000000       __guard_fids_count         0000000000000000     <absolute>
 0000:00000000       __volatile_metadata        0000000000000000     <absolute>
 0000:00000100       __guard_flags              0000000000000100     <absolute>
 0000:00000000       __ImageBase                0000000140000000     <linker-defined>
 0001:00000000       __enc$textbss$begin        0000000140001000     <linker-defined>
 0001:00010000       __enc$textbss$end          0000000140011000     <linker-defined>
 0002:00003840       ?areColliding@@YA_NAEBUAABB@@0@Z 0000000140014840 f   AABB.obj
 0002:00003920       __JustMyCode_Default       0000000140014920 f i AABB.obj
 0002:00003930       ??0Asset@@QEAA@XZ          0000000140014930 f   Asset.obj
 0002:00003a20       ??0Down@@QEAA@MM@Z         0000000140014a20 f   Asset.obj
 0002:00003b20       ??0Left@@QEAA@MM@Z         0000000140014b20 f   Asset.obj
 0002:00003c20       ??0Right@@QEAA@MM@Z        0000000140014c20 f   Asset.obj
 0002:00003d20       ??0Up@@QEAA@MM@Z           0000000140014d20 f   Asset.obj
 0002:00003e20       ??1Asset@@QEAA@XZ          0000000140014e20 f   Asset.obj
 0002:00003eb0       ??1Down@@QEAA@XZ           0000000140014eb0 f   Asset.obj
 0002:00003f20       ??1Left@@QEAA@XZ           0000000140014f20 f   Asset.obj
 0002:00003f90       ??1Right@@QEAA@XZ          0000000140014f90 f   Asset.obj
 0002:00004000       ??1Up@@QEAA@XZ             0000000140015000 f   Asset.obj
 0002:00004070       ?CheckButton@CController@@QEBA_NH_N@Z 0000000140015070 f i Asset.obj
 0002:00004160       ?DebugRender@Asset@@QEAAXXZ 0000000140015160 f   Asset.obj
 0002:00004470       ?GetCenterPos@Asset@@QEAAXAEAM0@Z 0000000140015470 f   Asset.obj
 0002:00004500       ?GetHeight@CSimpleSprite@@QEBAMXZ 0000000140015500 f i Asset.obj
 0002:00004560       ?GetLeftThumbStickX@CController@@QEBAMXZ 0000000140015560 f i Asset.obj
 0002:000045d0       ?GetLeftThumbStickY@CController@@QEBAMH@Z 00000001400155d0 f i Asset.obj
 0002:00004650       ?GetPosition@CSimpleSprite@@QEAAXAEAM0@Z 0000000140015650 f i Asset.obj
 0002:000046f0       ?GetWidth@CSimpleSprite@@QEBAMXZ 00000001400156f0 f i Asset.obj
 0002:00004750       ?IsInside@Asset@@QEAA_NMM@Z 0000000140015750 f   Asset.obj
 0002:00004820       ?Render@Asset@@QEAAXXZ     0000000140015820 f   Asset.obj
 0002:000048b0       ?SetPosition@CSimpleSprite@@QEAAXMM@Z 00000001400158b0 f i Asset.obj
 0002:00004950       ?SetScale@CSimpleSprite@@QEAAXM@Z 0000000140015950 f i Asset.obj
 0002:000049c0       ?StartEndGame@Asset@@QEAAXXZ 00000001400159c0 f   Asset.obj
 0002:00004a20       ?Update@Asset@@QEAAXM@Z    0000000140015a20 f   Asset.obj
 0002:00004db0       ?UpdateAABB@Asset@@QEAAXXZ 0000000140015db0 f   Asset.obj
 0002:00004f60       ?setPreviousPosition@Asset@@QEAAXHH@Z 0000000140015f60 f   Asset.obj
 0002:00004ff0       ??0Door@@QEAA@MMMM@Z       0000000140015ff0 f   Door.obj
 0002:00005190       ??1Door@@QEAA@XZ           0000000140016190 f   Door.obj
 0002:000051f0       ?IsInside@Door@@QEAA_NMM@Z 00000001400161f0 f   Door.obj
 0002:000052c0       ?Render@Door@@QEAAXXZ      00000001400162c0 f   Door.obj
 0002:00005530       ?StartEndGame@Door@@QEAAXXZ 0000000140016530 f   Door.obj
 0002:000055e0       ?Update@Door@@QEAAXM@Z     00000001400165e0 f   Door.obj
 0002:00005720       ??0MapPublisher@@QEAA@XZ   0000000140016720 f   MapPublisher.obj
 0002:00005bd0       ??1MapPublisher@@QEAA@XZ   0000000140016bd0 f   MapPublisher.obj
 0002:00005c30       ??$?0$$V@?$_Compressed_pair@V?$allocator@PEAVAsset@@@std@@V?$_Vector_val@U?$_Simple_types@PEAVAsset@@@std@@@2@$00@std@@QEAA@U_Zero_then_variadic_args_t@1@@Z 0000000140016c30 f i CreepyWays.obj
 0002:00005cb0       ??$?0$$V@?$_Compressed_pair@V?$allocator@PEAVMapItem@@@std@@V?$_Vector_val@U?$_Simple_types@PEAVMapItem@@@std@@@2@$00@std@@QEAA@U_Zero_then_variadic_args_t@1@@Z 0000000140016cb0 f i CreepyWays.obj
 0002:00005d30       ??$?0$$V@?$_Compressed_pair@V?$allocator@VLaserWall@@@std@@V?$_Vector_val@U?$_Simple_types@VLaserWall@@@std@@@2@$00@std@@QEAA@U_Zero_then_variadic_args_t@1@@Z 0000000140016d30 f i CreepyWays.obj
 0002:00005db0       ??$?0PEAVAsset@@@?$allocator@U_Container_proxy@std@@@std@@QEAA@AEBV?$allocator@PEAVAsset@@@1@@Z 0000000140016db0 f i CreepyWays.obj
 0002:00005e20       ??$?0PEAVMapItem@@@?$allocator@U_Container_proxy@std@@@std@@QEAA@AEBV?$allocator@PEAVMapItem@@@1@@Z 0000000140016e20 f i CreepyWays.obj
 0002:00005e90       ??$?0VLaserWall@@@?$allocator@U_Container_proxy@std@@@std@@QEAA@AEBV?$allocator@VLaserWall@@@1@@Z 0000000140016e90 f i CreepyWays.obj
 0002:00005f00       ??$_Alloc_proxy@V?$allocator@U_Container_proxy@std@@@std@@@_Container_base12@std@@QEAAX$$QEAV?$allocator@U_Container_proxy@std@@@1@@Z 0000000140016f00 f i CreepyWays.obj
 0002:00005fd0       ??$_Allocate@$0BA@U_Default_allocate_traits@std@@$0A@@std@@YAPEAX_K@Z 0000000140016fd0 f i CreepyWays.obj
 0002:00006070       ??$_Allocate_manually_vector_aligned@U_Default_allocate_traits@std@@@std@@YAPEAX_K@Z 0000000140017070 f i CreepyWays.obj
 0002:000061f0       ??$_Copy_memmove@PEAPEAVAsset@@PEAPEAV1@@std@@YAPEAPEAVAsset@@PEAPEAV1@00@Z 00000001400171f0 f i CreepyWays.obj
 0002:000062c0       ??$_Copy_memmove@PEAPEAVMapItem@@PEAPEAV1@@std@@YAPEAPEAVMapItem@@PEAPEAV1@00@Z 00000001400172c0 f i CreepyWays.obj
 0002:00006390       ??$_Deallocate@$0BA@$0A@@std@@YAXPEAX_K@Z 0000000140017390 f i CreepyWays.obj
 0002:00006440       ??$_Deallocate_plain@V?$allocator@U_Container_proxy@std@@@std@@@std@@YAXAEAV?$allocator@U_Container_proxy@std@@@0@QEAU_Container_proxy@0@@Z 0000000140017440 f i CreepyWays.obj
 0002:000064d0       ??$_Delete_plain@V?$allocator@U_Container_proxy@std@@@std@@@std@@YAXAEAV?$allocator@U_Container_proxy@std@@@0@QEAU_Container_proxy@0@@Z 00000001400174d0 f i CreepyWays.obj
 0002:00006570       ??$_Destroy_range@V?$allocator@PEAVAsset@@@std@@@std@@YAXPEAPEAVAsset@@QEAPEAV1@AEAV?$allocator@PEAVAsset@@@0@@Z 0000000140017570 f i CreepyWays.obj
 0002:000065e0       ??$_Destroy_range@V?$allocator@PEAVMapItem@@@std@@@std@@YAXPEAPEAVMapItem@@QEAPEAV1@AEAV?$allocator@PEAVMapItem@@@0@@Z 00000001400175e0 f i CreepyWays.obj
 0002:00006650       ??$_Destroy_range@V?$allocator@VLaserWall@@@std@@@std@@YAXPEAVLaserWall@@QEAV1@AEAV?$allocator@VLaserWall@@@0@@Z 0000000140017650 f i CreepyWays.obj
 0002:00006710       ??$_Emplace_back@VLaserWall@@@?$_Uninitialized_backout_al@V?$allocator@VLaserWall@@@std@@@std@@QEAAX$$QEAVLaserWall@@@Z 0000000140017710 f i CreepyWays.obj
 0002:000067e0       ??$_Emplace_back_with_unused_capacity@AEBQEAVAsset@@@?$vector@PEAVAsset@@V?$allocator@PEAVAsset@@@std@@@std@@AEAA@AEBQEAVAsset@@@Z 00000001400177e0 f i CreepyWays.obj
 0002:00006900       ??$_Emplace_back_with_unused_capacity@AEBQEAVMapItem@@@?$vector@PEAVMapItem@@V?$allocator@PEAVMapItem@@@std@@@std@@AEAA@AEBQEAVMapItem@@@Z 0000000140017900 f i CreepyWays.obj
 0002:00006a20       ??$_Emplace_back_with_unused_capacity@AEBVLaserWall@@@?$vector@VLaserWall@@V?$allocator@VLaserWall@@@std@@@std@@AEAA@AEBVLaserWall@@@Z 0000000140017a20 f i CreepyWays.obj
 0002:00006b40       ??$_Emplace_reallocate@AEBQEAVAsset@@@?$vector@PEAVAsset@@V?$allocator@PEAVAsset@@@std@@@std@@QEAAPEAPEAVAsset@@QEAPEAV2@AEBQEAV2@@Z 0000000140017b40 f i CreepyWays.obj
 0002:00006e50       ??$_Emplace_reallocate@AEBQEAVMapItem@@@?$vector@PEAVMapItem@@V?$allocator@PEAVMapItem@@@std@@@std@@QEAAPEAPEAVMapItem@@QEAPEAV2@AEBQEAV2@@Z 0000000140017e50 f i CreepyWays.obj
 0002:00007160       ??$_Emplace_reallocate@AEBVLaserWall@@@?$vector@VLaserWall@@V?$allocator@VLaserWall@@@std@@@std@@QEAAPEAVLaserWall@@QEAV2@AEBV2@@Z 0000000140018160 f i CreepyWays.obj
 0002:00007470       ??$_Get_size_of_n@$07@std@@YA_K_K@Z 0000000140018470 f i CreepyWays.obj
 0002:00007520       ??$_Get_size_of_n@$0BA@@std@@YA_K_K@Z 0000000140018520 f i CreepyWays.obj
 0002:000075d0       ??$_Get_unwrapped@PEAVAsset@@@std@@YAPEAPEAVAsset@@QEAPEAV1@@Z 00000001400185d0 f i CreepyWays.obj
 0002:00007630       ??$_Get_unwrapped@PEAVMapItem@@@std@@YAPEAPEAVMapItem@@QEAPEAV1@@Z 0000000140018630 f i CreepyWays.obj
 0002:00007690       ??$_Get_unwrapped@VLaserWall@@@std@@YAPEAVLaserWall@@QEAV1@@Z 0000000140018690 f i CreepyWays.obj
 0002:000076f0       ??$_Min_value@_K@std@@YAAEB_KAEB_K0@Z 00000001400186f0 f i CreepyWays.obj
 0002:000077b0       ??$_Unfancy@PEAVAsset@@@std@@YAPEAPEAVAsset@@PEAPEAV1@@Z 00000001400187b0 f i CreepyWays.obj
 0002:00007810       ??$_Unfancy@PEAVMapItem@@@std@@YAPEAPEAVMapItem@@PEAPEAV1@@Z 0000000140018810 f i CreepyWays.obj
 0002:00007870       ??$_Unfancy@U_Container_proxy@std@@@std@@YAPEAU_Container_proxy@0@PEAU10@@Z 0000000140018870 f i CreepyWays.obj
 0002:000078d0       ??$_Unfancy@VLaserWall@@@std@@YAPEAVLaserWall@@PEAV1@@Z 00000001400188d0 f i CreepyWays.obj
 0002:00007930       ??$_Uninitialized_move@PEAPEAVAsset@@V?$allocator@PEAVAsset@@@std@@@std@@YAPEAPEAVAsset@@QEAPEAV1@0PEAPEAV1@AEAV?$allocator@PEAVAsset@@@0@@Z 0000000140018930 f i CreepyWays.obj
 0002:00007a10       ??$_Uninitialized_move@PEAPEAVMapItem@@V?$allocator@PEAVMapItem@@@std@@@std@@YAPEAPEAVMapItem@@QEAPEAV1@0PEAPEAV1@AEAV?$allocator@PEAVMapItem@@@0@@Z 0000000140018a10 f i CreepyWays.obj
 0002:00007af0       ??$_Uninitialized_move@PEAVLaserWall@@V?$allocator@VLaserWall@@@std@@@std@@YAPEAVLaserWall@@QEAV1@0PEAV1@AEAV?$allocator@VLaserWall@@@0@@Z 0000000140018af0 f i CreepyWays.obj
 0002:00007c60       ??$construct@PEAVAsset@@AEBQEAV1@@?$_Default_allocator_traits@V?$allocator@PEAVAsset@@@std@@@std@@SAXAEAV?$allocator@PEAVAsset@@@1@QEAPEAVAsset@@AEBQEAV3@@Z 0000000140018c60 f i CreepyWays.obj
 0002:00007d00       ??$construct@PEAVMapItem@@AEBQEAV1@@?$_Default_allocator_traits@V?$allocator@PEAVMapItem@@@std@@@std@@SAXAEAV?$allocator@PEAVMapItem@@@1@QEAPEAVMapItem@@AEBQEAV3@@Z 0000000140018d00 f i CreepyWays.obj
 0002:00007da0       ??$construct@U_Container_proxy@std@@PEAU_Container_base12@2@@?$_Default_allocator_traits@V?$allocator@U_Container_proxy@std@@@std@@@std@@SAXAEAV?$allocator@U_Container_proxy@std@@@1@QEAU_Container_proxy@1@$$QEAPEAU_Container_base12@1@@Z 0000000140018da0 f i CreepyWays.obj
 0002:00007e40       ??$construct@VLaserWall@@AEBV1@@?$_Default_allocator_traits@V?$allocator@VLaserWall@@@std@@@std@@SAXAEAV?$allocator@VLaserWall@@@1@QEAVLaserWall@@AEBV3@@Z 0000000140018e40 f i CreepyWays.obj
 0002:00007ef0       ??$construct@VLaserWall@@V1@@?$_Default_allocator_traits@V?$allocator@VLaserWall@@@std@@@std@@SAXAEAV?$allocator@VLaserWall@@@1@QEAVLaserWall@@$$QEAV3@@Z 0000000140018ef0 f i CreepyWays.obj
 0002:00007fa0       ??$destroy@U_Container_proxy@std@@@?$_Default_allocator_traits@V?$allocator@U_Container_proxy@std@@@std@@@std@@SAXAEAV?$allocator@U_Container_proxy@std@@@1@QEAU_Container_proxy@1@@Z 0000000140018fa0 f i CreepyWays.obj
 0002:00008000       ??$destroy@VLaserWall@@@?$_Default_allocator_traits@V?$allocator@VLaserWall@@@std@@@std@@SAXAEAV?$allocator@VLaserWall@@@1@QEAVLaserWall@@@Z 0000000140019000 f i CreepyWays.obj
 0002:00008070       ??$emplace_back@AEBQEAVAsset@@@?$vector@PEAVAsset@@V?$allocator@PEAVAsset@@@std@@@std@@QEAA@AEBQEAVAsset@@@Z 0000000140019070 f i CreepyWays.obj
 0002:00008150       ??$emplace_back@AEBQEAVMapItem@@@?$vector@PEAVMapItem@@V?$allocator@PEAVMapItem@@@std@@@std@@QEAA@AEBQEAVMapItem@@@Z 0000000140019150 f i CreepyWays.obj
 0002:00008230       ??$emplace_back@AEBVLaserWall@@@?$vector@VLaserWall@@V?$allocator@VLaserWall@@@std@@@std@@QEAA@AEBVLaserWall@@@Z 0000000140019230 f i CreepyWays.obj
 0002:00008310       ??$exchange@PEAU_Container_proxy@std@@$$T@std@@YAPEAU_Container_proxy@0@AEAPEAU10@$$QEA$$T@Z 0000000140019310 f i CreepyWays.obj
 0002:000083a0       ??$forward@AEBQEAVAsset@@@std@@YAAEBQEAVAsset@@AEBQEAV1@@Z 00000001400193a0 f i CreepyWays.obj
 0002:00008410       ??$forward@AEBQEAVMapItem@@@std@@YAAEBQEAVMapItem@@AEBQEAV1@@Z 0000000140019410 f i CreepyWays.obj
 0002:00008480       ??$forward@AEBVLaserWall@@@std@@YAAEBVLaserWall@@AEBV1@@Z 0000000140019480 f i CreepyWays.obj
 0002:000084f0       ??$forward@PEAU_Container_base12@std@@@std@@YA$$QEAPEAU_Container_base12@0@AEAPEAU10@@Z 00000001400194f0 f i CreepyWays.obj
 0002:00008560       ??$forward@VLaserWall@@@std@@YA$$QEAVLaserWall@@AEAV1@@Z 0000000140019560 f i CreepyWays.obj
 0002:000085d0       ??$move@AEAVLaserWall@@@std@@YA$$QEAVLaserWall@@AEAV1@@Z 00000001400195d0 f i CreepyWays.obj
 0002:00008640       ??0?$_Uninitialized_backout_al@V?$allocator@VLaserWall@@@std@@@std@@QEAA@PEAVLaserWall@@AEAV?$allocator@VLaserWall@@@1@@Z 0000000140019640 f i CreepyWays.obj
 0002:000086f0       ??0?$_Vector_val@U?$_Simple_types@PEAVAsset@@@std@@@std@@QEAA@XZ 00000001400196f0 f i CreepyWays.obj
 0002:00008790       ??0?$_Vector_val@U?$_Simple_types@PEAVMapItem@@@std@@@std@@QEAA@XZ 0000000140019790 f i CreepyWays.obj
 0002:00008830       ??0?$_Vector_val@U?$_Simple_types@VLaserWall@@@std@@@std@@QEAA@XZ 0000000140019830 f i CreepyWays.obj
 0002:000088d0       ??0?$allocator@PEAVAsset@@@std@@QEAA@XZ 00000001400198d0 f i CreepyWays.obj
 0002:00008940       ??0?$allocator@PEAVMapItem@@@std@@QEAA@XZ 0000000140019940 f i CreepyWays.obj
 0002:000089b0       ??0?$allocator@VLaserWall@@@std@@QEAA@XZ 00000001400199b0 f i CreepyWays.obj
 0002:00008a20       ??0?$vector@PEAVAsset@@V?$allocator@PEAVAsset@@@std@@@std@@QEAA@XZ 0000000140019a20 f i CreepyWays.obj
 0002:00008ae0       ??0?$vector@PEAVMapItem@@V?$allocator@PEAVMapItem@@@std@@@std@@QEAA@XZ 0000000140019ae0 f i CreepyWays.obj
 0002:00008ba0       ??0?$vector@VLaserWall@@V?$allocator@VLaserWall@@@std@@@std@@QEAA@XZ 0000000140019ba0 f i CreepyWays.obj
 0002:00008c60       ??0_Container_base12@std@@QEAA@XZ 0000000140019c60 f i CreepyWays.obj
 0002:00008cd0       ??0_Container_proxy@std@@QEAA@PEAU_Container_base12@1@@Z 0000000140019cd0 f i CreepyWays.obj
 0002:00008d70       ??1?$_Uninitialized_backout_al@V?$allocator@VLaserWall@@@std@@@std@@QEAA@XZ 0000000140019d70 f i CreepyWays.obj
 0002:00008e00       ??1?$vector@PEAVAsset@@V?$allocator@PEAVAsset@@@std@@@std@@QEAA@XZ 0000000140019e00 f i CreepyWays.obj
 0002:00008f20       ??1?$vector@PEAVMapItem@@V?$allocator@PEAVMapItem@@@std@@@std@@QEAA@XZ 0000000140019f20 f i CreepyWays.obj
 0002:00009040       ??1?$vector@VLaserWall@@V?$allocator@VLaserWall@@@std@@@std@@QEAA@XZ 000000014001a040 f i CreepyWays.obj
 0002:00009160       ??1LaserWall@@QEAA@XZ      000000014001a160 f i CreepyWays.obj
 0002:000091c0       ??2@YAPEAX_KPEAX@Z         000000014001a1c0 f i CreepyWays.obj
 0002:00009230       ??_GController@@QEAAPEAXI@Z 000000014001a230 f i CreepyWays.obj
 0002:000092c0       ??_GLaserWall@@QEAAPEAXI@Z 000000014001a2c0 f i CreepyWays.obj
 0002:00009350       ?GetAABB@Asset@@QEBAAEBUAABB@@XZ 000000014001a350 f i CreepyWays.obj
 0002:000093b0       ?GetAABB@Controller@@QEBAAEBUAABB@@XZ 000000014001a3b0 f i CreepyWays.obj
 0002:00009410       ?GetAABB@LaserWall@@QEBAAEBUAABB@@XZ 000000014001a410 f i CreepyWays.obj
 0002:00009470       ?GetAABB@MapItem@@QEBAAEBUAABB@@XZ 000000014001a470 f i CreepyWays.obj
 0002:000094d0       ?GetAABB@Runner@@QEBAAEBUAABB@@XZ 000000014001a4d0 f i CreepyWays.obj
 0002:00009530       ?Init@@YAXXZ               000000014001a530 f   CreepyWays.obj
 0002:00009ca0       ?Render@@YAXXZ             000000014001aca0 f   CreepyWays.obj
 0002:0000a140       ?Shutdown@@YAXXZ           000000014001b140 f   CreepyWays.obj
 0002:0000a1f0       ?StartEndGame@@YAXXZ       000000014001b1f0 f   CreepyWays.obj
 0002:0000a290       ?Update@@YAXM@Z            000000014001b290 f   CreepyWays.obj
 0002:0000aaa0       ?_Adjust_manually_vector_aligned@std@@YAXAEAPEAXAEA_K@Z 000000014001baa0 f i CreepyWays.obj
 0002:0000ad00       ?_Allocate@_Default_allocate_traits@std@@SAPEAX_K@Z 000000014001bd00 f i CreepyWays.obj
 0002:0000ad60       ?_Calculate_growth@?$vector@PEAVAsset@@V?$allocator@PEAVAsset@@@std@@@std@@AEBA_K_K@Z 000000014001bd60 f i CreepyWays.obj
 0002:0000ae60       ?_Calculate_growth@?$vector@PEAVMapItem@@V?$allocator@PEAVMapItem@@@std@@@std@@AEBA_K_K@Z 000000014001be60 f i CreepyWays.obj
 0002:0000af60       ?_Calculate_growth@?$vector@VLaserWall@@V?$allocator@VLaserWall@@@std@@@std@@AEBA_K_K@Z 000000014001bf60 f i CreepyWays.obj
 0002:0000b060       ?_Change_array@?$vector@PEAVAsset@@V?$allocator@PEAVAsset@@@std@@@std@@AEAAXQEAPEAVAsset@@_K1@Z 000000014001c060 f i CreepyWays.obj
 0002:0000b1e0       ?_Change_array@?$vector@PEAVMapItem@@V?$allocator@PEAVMapItem@@@std@@@std@@AEAAXQEAPEAVMapItem@@_K1@Z 000000014001c1e0 f i CreepyWays.obj
 0002:0000b360       ?_Change_array@?$vector@VLaserWall@@V?$allocator@VLaserWall@@@std@@@std@@AEAAXQEAVLaserWall@@_K1@Z 000000014001c360 f i CreepyWays.obj
 0002:0000b4e0       ?_Destroy@?$vector@PEAVAsset@@V?$allocator@PEAVAsset@@@std@@@std@@AEAAXPEAPEAVAsset@@0@Z 000000014001c4e0 f i CreepyWays.obj
 0002:0000b570       ?_Destroy@?$vector@PEAVMapItem@@V?$allocator@PEAVMapItem@@@std@@@std@@AEAAXPEAPEAVMapItem@@0@Z 000000014001c570 f i CreepyWays.obj
 0002:0000b600       ?_Destroy@?$vector@VLaserWall@@V?$allocator@VLaserWall@@@std@@@std@@AEAAXPEAVLaserWall@@0@Z 000000014001c600 f i CreepyWays.obj
 0002:0000b690       ?_Get_first@?$_Compressed_pair@V?$allocator@PEAVAsset@@@std@@V?$_Vector_val@U?$_Simple_types@PEAVAsset@@@std@@@2@$00@std@@QEAAAEAV?$allocator@PEAVAsset@@@2@XZ 000000014001c690 f i CreepyWays.obj
 0002:0000b700       ?_Get_first@?$_Compressed_pair@V?$allocator@PEAVAsset@@@std@@V?$_Vector_val@U?$_Simple_types@PEAVAsset@@@std@@@2@$00@std@@QEBAAEBV?$allocator@PEAVAsset@@@2@XZ 000000014001c700 f i CreepyWays.obj
 0002:0000b770       ?_Get_first@?$_Compressed_pair@V?$allocator@PEAVMapItem@@@std@@V?$_Vector_val@U?$_Simple_types@PEAVMapItem@@@std@@@2@$00@std@@QEAAAEAV?$allocator@PEAVMapItem@@@2@XZ 000000014001c770 f i CreepyWays.obj
 0002:0000b7e0       ?_Get_first@?$_Compressed_pair@V?$allocator@PEAVMapItem@@@std@@V?$_Vector_val@U?$_Simple_types@PEAVMapItem@@@std@@@2@$00@std@@QEBAAEBV?$allocator@PEAVMapItem@@@2@XZ 000000014001c7e0 f i CreepyWays.obj
 0002:0000b850       ?_Get_first@?$_Compressed_pair@V?$allocator@VLaserWall@@@std@@V?$_Vector_val@U?$_Simple_types@VLaserWall@@@std@@@2@$00@std@@QEAAAEAV?$allocator@VLaserWall@@@2@XZ 000000014001c850 f i CreepyWays.obj
 0002:0000b8c0       ?_Get_first@?$_Compressed_pair@V?$allocator@VLaserWall@@@std@@V?$_Vector_val@U?$_Simple_types@VLaserWall@@@std@@@2@$00@std@@QEBAAEBV?$allocator@VLaserWall@@@2@XZ 000000014001c8c0 f i CreepyWays.obj
 0002:0000b930       ?_Getal@?$vector@PEAVAsset@@V?$allocator@PEAVAsset@@@std@@@std@@AEAAAEAV?$allocator@PEAVAsset@@@2@XZ 000000014001c930 f i CreepyWays.obj
 0002:0000b9b0       ?_Getal@?$vector@PEAVAsset@@V?$allocator@PEAVAsset@@@std@@@std@@AEBAAEBV?$allocator@PEAVAsset@@@2@XZ 000000014001c9b0 f i CreepyWays.obj
 0002:0000ba30       ?_Getal@?$vector@PEAVMapItem@@V?$allocator@PEAVMapItem@@@std@@@std@@AEAAAEAV?$allocator@PEAVMapItem@@@2@XZ 000000014001ca30 f i CreepyWays.obj
 0002:0000bab0       ?_Getal@?$vector@PEAVMapItem@@V?$allocator@PEAVMapItem@@@std@@@std@@AEBAAEBV?$allocator@PEAVMapItem@@@2@XZ 000000014001cab0 f i CreepyWays.obj
 0002:0000bb30       ?_Getal@?$vector@VLaserWall@@V?$allocator@VLaserWall@@@std@@@std@@AEAAAEAV?$allocator@VLaserWall@@@2@XZ 000000014001cb30 f i CreepyWays.obj
 0002:0000bbb0       ?_Getal@?$vector@VLaserWall@@V?$allocator@VLaserWall@@@std@@@std@@AEBAAEBV?$allocator@VLaserWall@@@2@XZ 000000014001cbb0 f i CreepyWays.obj
 0002:0000bc30       ?_Orphan_all@_Container_base12@std@@QEAAXXZ 000000014001cc30 f i CreepyWays.obj
 0002:0000bd70       ?_Orphan_range@?$vector@PEAVAsset@@V?$allocator@PEAVAsset@@@std@@@std@@AEBAXPEAPEAVAsset@@0@Z 000000014001cd70 f i CreepyWays.obj
 0002:0000bec0       ?_Orphan_range@?$vector@PEAVMapItem@@V?$allocator@PEAVMapItem@@@std@@@std@@AEBAXPEAPEAVMapItem@@0@Z 000000014001cec0 f i CreepyWays.obj
 0002:0000c010       ?_Orphan_range@?$vector@VLaserWall@@V?$allocator@VLaserWall@@@std@@@std@@AEBAXPEAVLaserWall@@0@Z 000000014001d010 f i CreepyWays.obj
 0002:0000c160       ?_Release@?$_Uninitialized_backout_al@V?$allocator@VLaserWall@@@std@@@std@@QEAAPEAVLaserWall@@XZ 000000014001d160 f i CreepyWays.obj
 0002:0000c1e0       ?_Tidy@?$vector@PEAVAsset@@V?$allocator@PEAVAsset@@@std@@@std@@AEAAXXZ 000000014001d1e0 f i CreepyWays.obj
 0002:0000c340       ?_Tidy@?$vector@PEAVMapItem@@V?$allocator@PEAVMapItem@@@std@@@std@@AEAAXXZ 000000014001d340 f i CreepyWays.obj
 0002:0000c4a0       ?_Tidy@?$vector@VLaserWall@@V?$allocator@VLaserWall@@@std@@@std@@AEAAXXZ 000000014001d4a0 f i CreepyWays.obj
 0002:0000c600       ?_Umove@?$vector@PEAVAsset@@V?$allocator@PEAVAsset@@@std@@@std@@AEAAPEAPEAVAsset@@PEAPEAV3@00@Z 000000014001d600 f i CreepyWays.obj
 0002:0000c6a0       ?_Umove@?$vector@PEAVMapItem@@V?$allocator@PEAVMapItem@@@std@@@std@@AEAAPEAPEAVMapItem@@PEAPEAV3@00@Z 000000014001d6a0 f i CreepyWays.obj
 0002:0000c740       ?_Umove@?$vector@VLaserWall@@V?$allocator@VLaserWall@@@std@@@std@@AEAAPEAVLaserWall@@PEAV3@00@Z 000000014001d740 f i CreepyWays.obj
 0002:0000c7e0       ?_Umove_if_noexcept1@?$vector@PEAVAsset@@V?$allocator@PEAVAsset@@@std@@@std@@AEAAXPEAPEAVAsset@@00U?$integral_constant@_N$00@2@@Z 000000014001d7e0 f i CreepyWays.obj
 0002:0000c880       ?_Umove_if_noexcept1@?$vector@PEAVMapItem@@V?$allocator@PEAVMapItem@@@std@@@std@@AEAAXPEAPEAVMapItem@@00U?$integral_constant@_N$00@2@@Z 000000014001d880 f i CreepyWays.obj
 0002:0000c920       ?_Umove_if_noexcept1@?$vector@VLaserWall@@V?$allocator@VLaserWall@@@std@@@std@@AEAAXPEAVLaserWall@@00U?$integral_constant@_N$00@2@@Z 000000014001d920 f i CreepyWays.obj
 0002:0000c9c0       ?_Umove_if_noexcept@?$vector@PEAVAsset@@V?$allocator@PEAVAsset@@@std@@@std@@AEAAXPEAPEAVAsset@@00@Z 000000014001d9c0 f i CreepyWays.obj
 0002:0000ca80       ?_Umove_if_noexcept@?$vector@PEAVMapItem@@V?$allocator@PEAVMapItem@@@std@@@std@@AEAAXPEAPEAVMapItem@@00@Z 000000014001da80 f i CreepyWays.obj
 0002:0000cb40       ?_Umove_if_noexcept@?$vector@VLaserWall@@V?$allocator@VLaserWall@@@std@@@std@@AEAAXPEAVLaserWall@@00@Z 000000014001db40 f i CreepyWays.obj
 0002:0000cc00       ?_Unchecked_begin@?$vector@PEAVAsset@@V?$allocator@PEAVAsset@@@std@@@std@@QEAAPEAPEAVAsset@@XZ 000000014001dc00 f i CreepyWays.obj
 0002:0000cc70       ?_Unchecked_begin@?$vector@PEAVMapItem@@V?$allocator@PEAVMapItem@@@std@@@std@@QEAAPEAPEAVMapItem@@XZ 000000014001dc70 f i CreepyWays.obj
 0002:0000cce0       ?_Unchecked_begin@?$vector@VLaserWall@@V?$allocator@VLaserWall@@@std@@@std@@QEAAPEAVLaserWall@@XZ 000000014001dce0 f i CreepyWays.obj
 0002:0000cd50       ?_Unchecked_end@?$vector@PEAVAsset@@V?$allocator@PEAVAsset@@@std@@@std@@QEAAPEAPEAVAsset@@XZ 000000014001dd50 f i CreepyWays.obj
 0002:0000cdc0       ?_Unchecked_end@?$vector@PEAVMapItem@@V?$allocator@PEAVMapItem@@@std@@@std@@QEAAPEAPEAVMapItem@@XZ 000000014001ddc0 f i CreepyWays.obj
 0002:0000ce30       ?_Unchecked_end@?$vector@VLaserWall@@V?$allocator@VLaserWall@@@std@@@std@@QEAAPEAVLaserWall@@XZ 000000014001de30 f i CreepyWays.obj
 0002:0000cea0       ?_Xlength@?$vector@PEAVAsset@@V?$allocator@PEAVAsset@@@std@@@std@@CAXXZ 000000014001dea0 f i CreepyWays.obj
 0002:0000cef0       ?_Xlength@?$vector@PEAVMapItem@@V?$allocator@PEAVMapItem@@@std@@@std@@CAXXZ 000000014001def0 f i CreepyWays.obj
 0002:0000cf40       ?_Xlength@?$vector@VLaserWall@@V?$allocator@VLaserWall@@@std@@@std@@CAXXZ 000000014001df40 f i CreepyWays.obj
 0002:0000cf90       ?__autoclassinit2@?$_Uninitialized_backout_al@V?$allocator@VLaserWall@@@std@@@std@@QEAAX_K@Z 000000014001df90 f i CreepyWays.obj
 0002:0000cff0       ?__autoclassinit2@?$vector@PEAVAsset@@V?$allocator@PEAVAsset@@@std@@@std@@QEAAX_K@Z 000000014001dff0 f i CreepyWays.obj
 0002:0000d050       ?__autoclassinit2@?$vector@PEAVMapItem@@V?$allocator@PEAVMapItem@@@std@@@std@@QEAAX_K@Z 000000014001e050 f i CreepyWays.obj
 0002:0000d0b0       ?__autoclassinit2@?$vector@VLaserWall@@V?$allocator@VLaserWall@@@std@@@std@@QEAAX_K@Z 000000014001e0b0 f i CreepyWays.obj
 0002:0000d110       ?__autoclassinit2@Controller@@QEAAX_K@Z 000000014001e110 f i CreepyWays.obj
 0002:0000d170       ?__autoclassinit2@Down@@QEAAX_K@Z 000000014001e170 f i CreepyWays.obj
 0002:0000d1d0       ?__autoclassinit2@Left@@QEAAX_K@Z 000000014001e1d0 f i CreepyWays.obj
 0002:0000d230       ?__autoclassinit2@MapItem@@QEAAX_K@Z 000000014001e230 f i CreepyWays.obj
 0002:0000d290       ?__autoclassinit2@MapPublisher@@QEAAX_K@Z 000000014001e290 f i CreepyWays.obj
 0002:0000d2f0       ?__autoclassinit2@Right@@QEAAX_K@Z 000000014001e2f0 f i CreepyWays.obj
 0002:0000d350       ?__autoclassinit2@Runner@@QEAAX_K@Z 000000014001e350 f i CreepyWays.obj
 0002:0000d3b0       ?__autoclassinit2@Up@@QEAAX_K@Z 000000014001e3b0 f i CreepyWays.obj
 0002:0000d410       ?allocate@?$allocator@PEAVAsset@@@std@@QEAAPEAPEAVAsset@@_K@Z 000000014001e410 f i CreepyWays.obj
 0002:0000d480       ?allocate@?$allocator@PEAVMapItem@@@std@@QEAAPEAPEAVMapItem@@_K@Z 000000014001e480 f i CreepyWays.obj
 0002:0000d4f0       ?allocate@?$allocator@U_Container_proxy@std@@@std@@QEAAPEAU_Container_proxy@2@_K@Z 000000014001e4f0 f i CreepyWays.obj
 0002:0000d560       ?allocate@?$allocator@VLaserWall@@@std@@QEAAPEAVLaserWall@@_K@Z 000000014001e560 f i CreepyWays.obj
 0002:0000d5d0       ?capacity@?$vector@PEAVAsset@@V?$allocator@PEAVAsset@@@std@@@std@@QEBA_KXZ 000000014001e5d0 f i CreepyWays.obj
 0002:0000d660       ?capacity@?$vector@PEAVMapItem@@V?$allocator@PEAVMapItem@@@std@@@std@@QEBA_KXZ 000000014001e660 f i CreepyWays.obj
 0002:0000d6f0       ?capacity@?$vector@VLaserWall@@V?$allocator@VLaserWall@@@std@@@std@@QEBA_KXZ 000000014001e6f0 f i CreepyWays.obj
 0002:0000d780       ?clear@?$vector@PEAVAsset@@V?$allocator@PEAVAsset@@@std@@@std@@QEAAXXZ 000000014001e780 f i CreepyWays.obj
 0002:0000d850       ?clear@?$vector@VLaserWall@@V?$allocator@VLaserWall@@@std@@@std@@QEAAXXZ 000000014001e850 f i CreepyWays.obj
 0002:0000d920       ?deallocate@?$_Default_allocator_traits@V?$allocator@U_Container_proxy@std@@@std@@@std@@SAXAEAV?$allocator@U_Container_proxy@std@@@2@QEAU_Container_proxy@2@_K@Z 000000014001e920 f i CreepyWays.obj
 0002:0000d9a0       ?deallocate@?$allocator@PEAVAsset@@@std@@QEAAXQEAPEAVAsset@@_K@Z 000000014001e9a0 f i CreepyWays.obj
 0002:0000da20       ?deallocate@?$allocator@PEAVMapItem@@@std@@QEAAXQEAPEAVMapItem@@_K@Z 000000014001ea20 f i CreepyWays.obj
 0002:0000daa0       ?deallocate@?$allocator@VLaserWall@@@std@@QEAAXQEAVLaserWall@@_K@Z 000000014001eaa0 f i CreepyWays.obj
 0002:0000db20       ?max@?$numeric_limits@_J@std@@SA_JXZ 000000014001eb20 f i CreepyWays.obj
 0002:0000db80       ?max_size@?$_Default_allocator_traits@V?$allocator@PEAVAsset@@@std@@@std@@SA_KAEBV?$allocator@PEAVAsset@@@2@@Z 000000014001eb80 f i CreepyWays.obj
 0002:0000dbf0       ?max_size@?$_Default_allocator_traits@V?$allocator@PEAVMapItem@@@std@@@std@@SA_KAEBV?$allocator@PEAVMapItem@@@2@@Z 000000014001ebf0 f i CreepyWays.obj
 0002:0000dc60       ?max_size@?$_Default_allocator_traits@V?$allocator@VLaserWall@@@std@@@std@@SA_KAEBV?$allocator@VLaserWall@@@2@@Z 000000014001ec60 f i CreepyWays.obj
 0002:0000dcd0       ?max_size@?$vector@PEAVAsset@@V?$allocator@PEAVAsset@@@std@@@std@@QEBA_KXZ 000000014001ecd0 f i CreepyWays.obj
 0002:0000dd80       ?max_size@?$vector@PEAVMapItem@@V?$allocator@PEAVMapItem@@@std@@@std@@QEBA_KXZ 000000014001ed80 f i CreepyWays.obj
 0002:0000de30       ?max_size@?$vector@VLaserWall@@V?$allocator@VLaserWall@@@std@@@std@@QEBA_KXZ 000000014001ee30 f i CreepyWays.obj
 0002:0000dee0       ?push_back@?$vector@PEAVAsset@@V?$allocator@PEAVAsset@@@std@@@std@@QEAAXAEBQEAVAsset@@@Z 000000014001eee0 f i CreepyWays.obj
 0002:0000df50       ?push_back@?$vector@PEAVMapItem@@V?$allocator@PEAVMapItem@@@std@@@std@@QEAAXAEBQEAVMapItem@@@Z 000000014001ef50 f i CreepyWays.obj
 0002:0000dfc0       ?push_back@?$vector@VLaserWall@@V?$allocator@VLaserWall@@@std@@@std@@QEAAXAEBVLaserWall@@@Z 000000014001efc0 f i CreepyWays.obj
 0002:0000e030       ??0LaserWall@@QEAA@MMMM@Z  000000014001f030 f   LaserWall.obj
 0002:0000e240       ?Render@LaserWall@@QEAAXXZ 000000014001f240 f   LaserWall.obj
 0002:0000e300       ??0Controller@@QEAA@XZ     000000014001f300 f   Controller.obj
 0002:0000e3e0       ??1Controller@@QEAA@XZ     000000014001f3e0 f   Controller.obj
 0002:0000e470       ?DebugRender@Controller@@QEAAXXZ 000000014001f470 f   Controller.obj
 0002:0000e780       ?GetCenterPos@Controller@@QEAAXAEAM0@Z 000000014001f780 f   Controller.obj
 0002:0000e800       ?Render@Controller@@QEAAXXZ 000000014001f800 f   Controller.obj
 0002:0000e890       ?StartEndGame@Controller@@QEAAXXZ 000000014001f890 f   Controller.obj
 0002:0000e8f0       ?Update@Controller@@QEAAXM@Z 000000014001f8f0 f   Controller.obj
 0002:0000ec60       ?UpdateAABB@Controller@@AEAAXXZ 000000014001fc60 f   Controller.obj
 0002:0000ee10       ??0MapItem@@QEAA@H@Z       000000014001fe10 f   MapItem.obj
 0002:0000ef30       ??1MapItem@@QEAA@XZ        000000014001ff30 f   MapItem.obj
 0002:0000efc0       ?Draw@MapItem@@QEAAXXZ     000000014001ffc0 f   MapItem.obj
 0002:0000f030       ?IsInside@MapItem@@QEAA_NMM@Z 0000000140020030 f   MapItem.obj
 0002:0000f100       ?Position@MapItem@@QEAAXHH@Z 0000000140020100 f   MapItem.obj
 0002:0000f230       ?Render@MapItem@@QEAAXXZ   0000000140020230 f   MapItem.obj
 0002:0000f2a0       ?StartEndGame@MapItem@@QEAAXXZ 00000001400202a0 f   MapItem.obj
 0002:0000f300       ??0Runner@@QEAA@XZ         0000000140020300 f   Runner.obj
 0002:0000f3f0       ??1Runner@@QEAA@XZ         00000001400203f0 f   Runner.obj
 0002:0000f480       ?DebugRender@Runner@@QEAAXXZ 0000000140020480 f   Runner.obj
 0002:0000f790       ?GetCenterPos@Runner@@QEAAXAEAM0@Z 0000000140020790 f   Runner.obj
 0002:0000f820       ?Render@Runner@@QEAAXXZ    0000000140020820 f   Runner.obj
 0002:0000f8b0       ?SetPreviousPosition@Runner@@QEAAXXZ 00000001400208b0 f   Runner.obj
 0002:0000f940       ?StartEndGame@Runner@@QEAAXXZ 0000000140020940 f   Runner.obj
 0002:0000f9a0       ?Update@Runner@@QEAAXM@Z   00000001400209a0 f   Runner.obj
 0002:0000fdc0       ?UpdateAABB@Runner@@AEAAXXZ 0000000140020dc0 f   Runner.obj
 0002:0000ff70       ??0CProfiler@@QEAA@XZ      0000000140020f70 f i Framework:main.obj
 0002:0000fff0       ?CheckMemCallback@@YAXXZ   0000000140020ff0 f   Framework:main.obj
 0002:00010040       ?Display@@YAXXZ            0000000140021040 f   Framework:main.obj
 0002:00010150       ?GetCounter@@YANXZ         0000000140021150 f   Framework:main.obj
 0002:00010210       ?Idle@@YAXXZ               0000000140021210 f   Framework:main.obj
 0002:00010490       ?InitGL@@YAXXZ             0000000140021490 f   Framework:main.obj
 0002:00010510       ?Print@CProfiler@@QEAAXMMPEBD@Z 0000000140021510 f i Framework:main.obj
 0002:00010640       ?Start@CProfiler@@QEAAXXZ  0000000140021640 f i Framework:main.obj
 0002:000106b0       ?StartCounter@@YAXXZ       00000001400216b0 f   Framework:main.obj
 0002:00010790       ?Stop@CProfiler@@QEAANXZ   0000000140021790 f i Framework:main.obj
 0002:00010820       ?__empty_global_delete@@YAXPEAX@Z 0000000140021820 f i Framework:main.obj
 0002:00010870       ?__empty_global_delete@@YAXPEAX_K@Z 0000000140021870 f i Framework:main.obj
 0002:000108d0       __local_stdio_printf_options 00000001400218d0 f i Framework:main.obj
 0002:00010920       _vfprintf_l                0000000140021920 f i Framework:main.obj
 0002:000109c0       _vsnprintf_l               00000001400219c0 f i Framework:main.obj
 0002:00010ab0       _vsprintf_l                0000000140021ab0 f i Framework:main.obj
 0002:00010c40       printf                     0000000140021c40 f i Framework:main.obj
 0002:00010d30       sprintf                    0000000140021d30 f i Framework:main.obj
 0002:00010e20       wWinMain                   0000000140021e20 f   Framework:main.obj
 0002:00010fe0       ??$?0$$V@?$_Compressed_pair@V?$allocator@U?$_Tree_node@U?$pair@QEBDUsTextureDef@CSimpleSprite@@@std@@PEAX@std@@@std@@V?$_Tree_val@U?$_Tree_simple_types@U?$pair@QEBDUsTextureDef@CSimpleSprite@@@std@@@std@@@2@$00@std@@QEAA@U_Zero_then_variadic_args_t@1@@Z 0000000140021fe0 f i Framework:SimpleSprite.obj
 0002:00011060       ??$?0AEBQEAU?$_Tree_node@U?$pair@QEBDUsTextureDef@CSimpleSprite@@@std@@PEAX@std@@_N$0A@@?$pair@PEAU?$_Tree_node@U?$pair@QEBDUsTextureDef@CSimpleSprite@@@std@@PEAX@std@@_N@std@@QEAA@AEBQEAU?$_Tree_node@U?$pair@QEBDUsTextureDef@CSimpleSprite@@@std@@PEAX@1@$$QEA_N@Z 0000000140022060 f i Framework:SimpleSprite.obj
 0002:00011120       ??$?0AEBQEBD$$Z$$V@?$pair@QEBDUsTextureDef@CSimpleSprite@@@std@@QEAA@Upiecewise_construct_t@1@V?$tuple@AEBQEBD@1@V?$tuple@$$V@1@@Z 0000000140022120 f i Framework:SimpleSprite.obj
 0002:000111d0       ??$?0AEBQEBD$0A@@?$tuple@AEBQEBD@std@@QEAA@AEBQEBD@Z 00000001400221d0 f i Framework:SimpleSprite.obj
 0002:00011280       ??$?0AEBQEBD@?$_Tuple_val@AEBQEBD@std@@QEAA@AEBQEBD@Z 0000000140022280 f i Framework:SimpleSprite.obj
 0002:00011300       ??$?0AEBU?$less@PEBD@std@@U_Zero_then_variadic_args_t@1@@?$_Compressed_pair@U?$less@PEBD@std@@V?$_Compressed_pair@V?$allocator@U?$_Tree_node@U?$pair@QEBDUsTextureDef@CSimpleSprite@@@std@@PEAX@std@@@std@@V?$_Tree_val@U?$_Tree_simple_types@U?$pair@QEBDUsTextureDef@CSimpleSprite@@@std@@@std@@@2@$00@2@$00@std@@QEAA@U_One_then_variadic_args_t@1@AEBU?$less@PEBD@1@$$QEAU_Zero_then_variadic_args_t@1@@Z 0000000140022300 f i Framework:SimpleSprite.obj
 0002:000113a0       ??$?0AEBUpiecewise_construct_t@std@@V?$tuple@AEBQEBD@1@V?$tuple@$$V@1@@?$_Tree_temp_node@V?$allocator@U?$_Tree_node@U?$pair@QEBDUsTextureDef@CSimpleSprite@@@std@@PEAX@std@@@std@@@std@@QEAA@AEAV?$allocator@U?$_Tree_node@U?$pair@QEBDUsTextureDef@CSimpleSprite@@@std@@PEAX@std@@@1@PEAU?$_Tree_node@U?$pair@QEBDUsTextureDef@CSimpleSprite@@@std@@PEAX@1@AEBUpiecewise_construct_t@1@$$QEAV?$tuple@AEBQEBD@1@$$QEAV?$tuple@$$V@1@@Z 00000001400223a0 f i Framework:SimpleSprite.obj
 0002:000115b0       ??$?0PEAU?$_Tree_node@U?$pair@QEBDUsTextureDef@CSimpleSprite@@@std@@PEAX@std@@_N$0A@@?$pair@PEAU?$_Tree_node@U?$pair@QEBDUsTextureDef@CSimpleSprite@@@std@@PEAX@std@@_N@std@@QEAA@$$QEAPEAU?$_Tree_node@U?$pair@QEBDUsTextureDef@CSimpleSprite@@@std@@PEAX@1@$$QEA_N@Z 00000001400225b0 f i Framework:SimpleSprite.obj
 0002:00011670       ??$?0U?$_Tree_node@U?$pair@QEBDUsTextureDef@CSimpleSprite@@@std@@PEAX@std@@@?$allocator@U_Container_proxy@std@@@std@@QEAA@AEBV?$allocator@U?$_Tree_node@U?$pair@QEBDUsTextureDef@CSimpleSprite@@@std@@PEAX@std@@@1@@Z 0000000140022670 f i Framework:SimpleSprite.obj
 0002:000116e0       ??$?0U_Exact_args_t@std@@$0A@@?$tuple@$$V@std@@QEAA@U_Exact_args_t@1@@Z 00000001400226e0 f i Framework:SimpleSprite.obj
 0002:00011750       ??$?0U_Exact_args_t@std@@AEBQEBD$$V$0A@@?$tuple@AEBQEBD@std@@QEAA@U_Exact_args_t@1@AEBQEBD@Z 0000000140022750 f i Framework:SimpleSprite.obj
 0002:00011810       ??$?0V?$tuple@AEBQEBD@std@@V?$tuple@$$V@1@$0A@$$Z$S@?$pair@QEBDUsTextureDef@CSimpleSprite@@@std@@QEAA@AEAV?$tuple@AEBQEBD@1@AEAV?$tuple@$$V@1@U?$integer_sequence@_K$0A@@1@U?$integer_sequence@_K$S@1@@Z 0000000140022810 f i Framework:SimpleSprite.obj
 0002:000118d0       ??$_Buyheadnode@V?$allocator@U?$_Tree_node@U?$pair@QEBDUsTextureDef@CSimpleSprite@@@std@@PEAX@std@@@std@@@?$_Tree_node@U?$pair@QEBDUsTextureDef@CSimpleSprite@@@std@@PEAX@std@@SAPEAU01@AEAV?$allocator@U?$_Tree_node@U?$pair@QEBDUsTextureDef@CSimpleSprite@@@std@@PEAX@std@@@1@@Z 00000001400228d0 f i Framework:SimpleSprite.obj
 0002:00011a20       ??$_Debug_lt_pred@AEBU?$less@PEBD@std@@AEBQEBDAEBQEBD$0A@@std@@YA_NAEBU?$less@PEBD@0@AEBQEBD1@Z 0000000140022a20 f i Framework:SimpleSprite.obj
 0002:00011b80       ??$_Erase_head@V?$allocator@U?$_Tree_node@U?$pair@QEBDUsTextureDef@CSimpleSprite@@@std@@PEAX@std@@@std@@@?$_Tree_val@U?$_Tree_simple_types@U?$pair@QEBDUsTextureDef@CSimpleSprite@@@std@@@std@@@std@@QEAAXAEAV?$allocator@U?$_Tree_node@U?$pair@QEBDUsTextureDef@CSimpleSprite@@@std@@PEAX@std@@@1@@Z 0000000140022b80 f i Framework:SimpleSprite.obj
 0002:00011c40       ??$_Erase_tree@V?$allocator@U?$_Tree_node@U?$pair@QEBDUsTextureDef@CSimpleSprite@@@std@@PEAX@std@@@std@@@?$_Tree_val@U?$_Tree_simple_types@U?$pair@QEBDUsTextureDef@CSimpleSprite@@@std@@@std@@@std@@QEAAXAEAV?$allocator@U?$_Tree_node@U?$pair@QEBDUsTextureDef@CSimpleSprite@@@std@@PEAX@std@@@1@PEAU?$_Tree_node@U?$pair@QEBDUsTextureDef@CSimpleSprite@@@std@@PEAX@1@@Z 0000000140022c40 f i Framework:SimpleSprite.obj
 0002:00011d20       ??$_Find@PEBD@?$_Tree@V?$_Tmap_traits@PEBDUsTextureDef@CSimpleSprite@@U?$less@PEBD@std@@V?$allocator@U?$pair@QEBDUsTextureDef@CSimpleSprite@@@std@@@4@$0A@@std@@@std@@AEBAPEAU?$_Tree_node@U?$pair@QEBDUsTextureDef@CSimpleSprite@@@std@@PEAX@1@AEBQEBD@Z 0000000140022d20 f i Framework:SimpleSprite.obj
 0002:00011e20       ??$_Find_lower_bound@PEBD@?$_Tree@V?$_Tmap_traits@PEBDUsTextureDef@CSimpleSprite@@U?$less@PEBD@std@@V?$allocator@U?$pair@QEBDUsTextureDef@CSimpleSprite@@@std@@@4@$0A@@std@@@std@@IEBA?AU?$_Tree_find_result@PEAU?$_Tree_node@U?$pair@QEBDUsTextureDef@CSimpleSprite@@@std@@PEAX@std@@@1@AEBQEBD@Z 0000000140022e20 f i Framework:SimpleSprite.obj
 0002:00011fe0       ??$_Freenode0@V?$allocator@U?$_Tree_node@U?$pair@QEBDUsTextureDef@CSimpleSprite@@@std@@PEAX@std@@@std@@@?$_Tree_node@U?$pair@QEBDUsTextureDef@CSimpleSprite@@@std@@PEAX@std@@SAXAEAV?$allocator@U?$_Tree_node@U?$pair@QEBDUsTextureDef@CSimpleSprite@@@std@@PEAX@std@@@1@PEAU01@@Z 0000000140022fe0 f i Framework:SimpleSprite.obj
 0002:000120f0       ??$_Freenode@V?$allocator@U?$_Tree_node@U?$pair@QEBDUsTextureDef@CSimpleSprite@@@std@@PEAX@std@@@std@@@?$_Tree_node@U?$pair@QEBDUsTextureDef@CSimpleSprite@@@std@@PEAX@std@@SAXAEAV?$allocator@U?$_Tree_node@U?$pair@QEBDUsTextureDef@CSimpleSprite@@@std@@PEAX@std@@@1@PEAU01@@Z 00000001400230f0 f i Framework:SimpleSprite.obj
 0002:000121a0       ??$_Get_size_of_n@$0DI@@std@@YA_K_K@Z 00000001400231a0 f i Framework:SimpleSprite.obj
 0002:00012250       ??$_Kfn@QEBDUsTextureDef@CSimpleSprite@@@?$_Tmap_traits@PEBDUsTextureDef@CSimpleSprite@@U?$less@PEBD@std@@V?$allocator@U?$pair@QEBDUsTextureDef@CSimpleSprite@@@std@@@4@$0A@@std@@SAAEBQEBDAEBU?$pair@QEBDUsTextureDef@CSimpleSprite@@@1@@Z 0000000140023250 f i Framework:SimpleSprite.obj
 0002:000122b0       ??$_Lower_bound_duplicate@PEBD@?$_Tree@V?$_Tmap_traits@PEBDUsTextureDef@CSimpleSprite@@U?$less@PEBD@std@@V?$allocator@U?$pair@QEBDUsTextureDef@CSimpleSprite@@@std@@@4@$0A@@std@@@std@@IEBA_NQEAU?$_Tree_node@U?$pair@QEBDUsTextureDef@CSimpleSprite@@@std@@PEAX@1@AEBQEBD@Z 00000001400232b0 f i Framework:SimpleSprite.obj
 0002:000123a0       ??$_Try_emplace@AEBQEBD$$V@?$map@PEBDUsTextureDef@CSimpleSprite@@U?$less@PEBD@std@@V?$allocator@U?$pair@QEBDUsTextureDef@CSimpleSprite@@@std@@@4@@std@@AEAA?AU?$pair@PEAU?$_Tree_node@U?$pair@QEBDUsTextureDef@CSimpleSprite@@@std@@PEAX@std@@_N@1@AEBQEBD@Z 00000001400233a0 f i Framework:SimpleSprite.obj
 0002:00012610       ??$addressof@$$CBV?$_Tree_val@U?$_Tree_simple_types@U?$pair@QEBDUsTextureDef@CSimpleSprite@@@std@@@std@@@std@@@std@@YAPEBV?$_Tree_val@U?$_Tree_simple_types@U?$pair@QEBDUsTextureDef@CSimpleSprite@@@std@@@std@@@0@AEBV10@@Z 0000000140023610 f i Framework:SimpleSprite.obj
 0002:00012680       ??$addressof@PEAU?$_Tree_node@U?$pair@QEBDUsTextureDef@CSimpleSprite@@@std@@PEAX@std@@@std@@YAPEAPEAU?$_Tree_node@U?$pair@QEBDUsTextureDef@CSimpleSprite@@@std@@PEAX@0@AEAPEAU10@@Z 0000000140023680 f i Framework:SimpleSprite.obj
 0002:000126f0       ??$addressof@U?$pair@QEBDUsTextureDef@CSimpleSprite@@@std@@@std@@YAPEAU?$pair@QEBDUsTextureDef@CSimpleSprite@@@0@AEAU10@@Z 00000001400236f0 f i Framework:SimpleSprite.obj
 0002:00012760       ??$addressof@U_Container_base12@std@@@std@@YAPEAU_Container_base12@0@AEAU10@@Z 0000000140023760 f i Framework:SimpleSprite.obj
 0002:000127d0       ??$addressof@V?$_Tree_val@U?$_Tree_simple_types@U?$pair@QEBDUsTextureDef@CSimpleSprite@@@std@@@std@@@std@@@std@@YAPEAV?$_Tree_val@U?$_Tree_simple_types@U?$pair@QEBDUsTextureDef@CSimpleSprite@@@std@@@std@@@0@AEAV10@@Z 00000001400237d0 f i Framework:SimpleSprite.obj
 0002:00012840       ??$construct@PEAU?$_Tree_node@U?$pair@QEBDUsTextureDef@CSimpleSprite@@@std@@PEAX@std@@AEAPEAU12@@?$_Default_allocator_traits@V?$allocator@U?$_Tree_node@U?$pair@QEBDUsTextureDef@CSimpleSprite@@@std@@PEAX@std@@@std@@@std@@SAXAEAV?$allocator@U?$_Tree_node@U?$pair@QEBDUsTextureDef@CSimpleSprite@@@std@@PEAX@std@@@1@QEAPEAU?$_Tree_node@U?$pair@QEBDUsTextureDef@CSimpleSprite@@@std@@PEAX@1@AEAPEAU31@@Z 0000000140023840 f i Framework:SimpleSprite.obj
 0002:000128e0       ??$construct@U?$pair@QEBDUsTextureDef@CSimpleSprite@@@std@@AEBUpiecewise_construct_t@2@V?$tuple@AEBQEBD@2@V?$tuple@$$V@2@@?$_Default_allocator_traits@V?$allocator@U?$_Tree_node@U?$pair@QEBDUsTextureDef@CSimpleSprite@@@std@@PEAX@std@@@std@@@std@@SAXAEAV?$allocator@U?$_Tree_node@U?$pair@QEBDUsTextureDef@CSimpleSprite@@@std@@PEAX@std@@@1@QEAU?$pair@QEBDUsTextureDef@CSimpleSprite@@@1@AEBUpiecewise_construct_t@1@$$QEAV?$tuple@AEBQEBD@1@$$QEAV?$tuple@$$V@1@@Z 00000001400238e0 f i Framework:SimpleSprite.obj
 0002:00012a20       ??$destroy@PEAU?$_Tree_node@U?$pair@QEBDUsTextureDef@CSimpleSprite@@@std@@PEAX@std@@@?$_Default_allocator_traits@V?$allocator@U?$_Tree_node@U?$pair@QEBDUsTextureDef@CSimpleSprite@@@std@@PEAX@std@@@std@@@std@@SAXAEAV?$allocator@U?$_Tree_node@U?$pair@QEBDUsTextureDef@CSimpleSprite@@@std@@PEAX@std@@@1@QEAPEAU?$_Tree_node@U?$pair@QEBDUsTextureDef@CSimpleSprite@@@std@@PEAX@1@@Z 0000000140023a20 f i Framework:SimpleSprite.obj
 0002:00012a80       ??$destroy@U?$pair@QEBDUsTextureDef@CSimpleSprite@@@std@@@?$_Default_allocator_traits@V?$allocator@U?$_Tree_node@U?$pair@QEBDUsTextureDef@CSimpleSprite@@@std@@PEAX@std@@@std@@@std@@SAXAEAV?$allocator@U?$_Tree_node@U?$pair@QEBDUsTextureDef@CSimpleSprite@@@std@@PEAX@std@@@1@QEAU?$pair@QEBDUsTextureDef@CSimpleSprite@@@1@@Z 0000000140023a80 f i Framework:SimpleSprite.obj
 0002:00012ae0       ??$exchange@PEAU?$_Tree_node@U?$pair@QEBDUsTextureDef@CSimpleSprite@@@std@@PEAX@std@@$$T@std@@YAPEAU?$_Tree_node@U?$pair@QEBDUsTextureDef@CSimpleSprite@@@std@@PEAX@0@AEAPEAU10@$$QEA$$T@Z 0000000140023ae0 f i Framework:SimpleSprite.obj
 0002:00012b70       ??$exchange@PEAU?$_Tree_node@U?$pair@QEBDUsTextureDef@CSimpleSprite@@@std@@PEAX@std@@AEAPEAU12@@std@@YAPEAU?$_Tree_node@U?$pair@QEBDUsTextureDef@CSimpleSprite@@@std@@PEAX@0@AEAPEAU10@0@Z 0000000140023b70 f i Framework:SimpleSprite.obj
 0002:00012c00       ??$forward@AEAPEAU?$_Tree_node@U?$pair@QEBDUsTextureDef@CSimpleSprite@@@std@@PEAX@std@@@std@@YAAEAPEAU?$_Tree_node@U?$pair@QEBDUsTextureDef@CSimpleSprite@@@std@@PEAX@0@AEAPEAU10@@Z 0000000140023c00 f i Framework:SimpleSprite.obj
 0002:00012c70       ??$forward@AEBQEAU?$_Tree_node@U?$pair@QEBDUsTextureDef@CSimpleSprite@@@std@@PEAX@std@@@std@@YAAEBQEAU?$_Tree_node@U?$pair@QEBDUsTextureDef@CSimpleSprite@@@std@@PEAX@0@AEBQEAU10@@Z 0000000140023c70 f i Framework:SimpleSprite.obj
 0002:00012ce0       ??$forward@AEBQEBD@std@@YAAEBQEBDAEBQEBD@Z 0000000140023ce0 f i Framework:SimpleSprite.obj
 0002:00012d50       ??$forward@AEBU?$less@PEBD@std@@@std@@YAAEBU?$less@PEBD@0@AEBU10@@Z 0000000140023d50 f i Framework:SimpleSprite.obj
 0002:00012dc0       ??$forward@AEBUpiecewise_construct_t@std@@@std@@YAAEBUpiecewise_construct_t@0@AEBU10@@Z 0000000140023dc0 f i Framework:SimpleSprite.obj
 0002:00012e30       ??$forward@PEAU?$_Tree_node@U?$pair@QEBDUsTextureDef@CSimpleSprite@@@std@@PEAX@std@@@std@@YA$$QEAPEAU?$_Tree_node@U?$pair@QEBDUsTextureDef@CSimpleSprite@@@std@@PEAX@0@AEAPEAU10@@Z 0000000140023e30 f i Framework:SimpleSprite.obj
 0002:00012ea0       ??$forward@U_Zero_then_variadic_args_t@std@@@std@@YA$$QEAU_Zero_then_variadic_args_t@0@AEAU10@@Z 0000000140023ea0 f i Framework:SimpleSprite.obj
 0002:00012f10       ??$forward@V?$tuple@$$V@std@@@std@@YA$$QEAV?$tuple@$$V@0@AEAV10@@Z 0000000140023f10 f i Framework:SimpleSprite.obj
 0002:00012f80       ??$forward@V?$tuple@AEBQEBD@std@@@std@@YA$$QEAV?$tuple@AEBQEBD@0@AEAV10@@Z 0000000140023f80 f i Framework:SimpleSprite.obj
 0002:00012ff0       ??$forward@_N@std@@YA$$QEA_NAEA_N@Z 0000000140023ff0 f i Framework:SimpleSprite.obj
 0002:00013060       ??$forward_as_tuple@$$V@std@@YA?AV?$tuple@$$V@0@XZ 0000000140024060 f i Framework:SimpleSprite.obj
 0002:000130e0       ??$forward_as_tuple@AEBQEBD@std@@YA?AV?$tuple@AEBQEBD@0@AEBQEBD@Z 00000001400240e0 f i Framework:SimpleSprite.obj
 0002:00013180       ??$get@$0A@AEBQEBD@std@@YAAEBQEBD$$QEAV?$tuple@AEBQEBD@0@@Z 0000000140024180 f i Framework:SimpleSprite.obj
 0002:00013200       ??$move@AEAV?$tuple@AEBQEBD@std@@@std@@YA$$QEAV?$tuple@AEBQEBD@0@AEAV10@@Z 0000000140024200 f i Framework:SimpleSprite.obj
 0002:00013270       ??0?$_Alloc_construct_ptr@V?$allocator@U?$_Tree_node@U?$pair@QEBDUsTextureDef@CSimpleSprite@@@std@@PEAX@std@@@std@@@std@@QEAA@AEAV?$allocator@U?$_Tree_node@U?$pair@QEBDUsTextureDef@CSimpleSprite@@@std@@PEAX@std@@@1@@Z 0000000140024270 f i Framework:SimpleSprite.obj
 0002:00013300       ??0?$_Container_proxy_ptr12@V?$allocator@U_Container_proxy@std@@@std@@@std@@QEAA@AEAV?$allocator@U_Container_proxy@std@@@1@AEAU_Container_base12@1@@Z 0000000140024300 f i Framework:SimpleSprite.obj
 0002:00013410       ??0?$_Tree@V?$_Tmap_traits@PEBDUsTextureDef@CSimpleSprite@@U?$less@PEBD@std@@V?$allocator@U?$pair@QEBDUsTextureDef@CSimpleSprite@@@std@@@4@$0A@@std@@@std@@QEAA@AEBU?$less@PEBD@1@@Z 0000000140024410 f i Framework:SimpleSprite.obj
 0002:000134b0       ??0?$_Tree_const_iterator@V?$_Tree_val@U?$_Tree_simple_types@U?$pair@QEBDUsTextureDef@CSimpleSprite@@@std@@@std@@@std@@@std@@QEAA@PEAU?$_Tree_node@U?$pair@QEBDUsTextureDef@CSimpleSprite@@@std@@PEAX@1@PEBV?$_Tree_val@U?$_Tree_simple_types@U?$pair@QEBDUsTextureDef@CSimpleSprite@@@std@@@std@@@1@@Z 00000001400244b0 f i Framework:SimpleSprite.obj
 0002:00013540       ??0?$_Tree_iterator@V?$_Tree_val@U?$_Tree_simple_types@U?$pair@QEBDUsTextureDef@CSimpleSprite@@@std@@@std@@@std@@@std@@QEAA@PEAU?$_Tree_node@U?$pair@QEBDUsTextureDef@CSimpleSprite@@@std@@PEAX@1@PEBV?$_Tree_val@U?$_Tree_simple_types@U?$pair@QEBDUsTextureDef@CSimpleSprite@@@std@@@std@@@1@@Z 0000000140024540 f i Framework:SimpleSprite.obj
 0002:000135d0       ??0?$_Tree_temp_node_alloc@V?$allocator@U?$_Tree_node@U?$pair@QEBDUsTextureDef@CSimpleSprite@@@std@@PEAX@std@@@std@@@std@@QEAA@AEAV?$allocator@U?$_Tree_node@U?$pair@QEBDUsTextureDef@CSimpleSprite@@@std@@PEAX@std@@@1@@Z 00000001400245d0 f i Framework:SimpleSprite.obj
 0002:00013670       ??0?$_Tree_unchecked_const_iterator@V?$_Tree_val@U?$_Tree_simple_types@U?$pair@QEBDUsTextureDef@CSimpleSprite@@@std@@@std@@@std@@U_Iterator_base12@2@@std@@QEAA@PEAU?$_Tree_node@U?$pair@QEBDUsTextureDef@CSimpleSprite@@@std@@PEAX@1@PEBV?$_Tree_val@U?$_Tree_simple_types@U?$pair@QEBDUsTextureDef@CSimpleSprite@@@std@@@std@@@1@@Z 0000000140024670 f i Framework:SimpleSprite.obj
 0002:00013720       ??0?$_Tree_val@U?$_Tree_simple_types@U?$pair@QEBDUsTextureDef@CSimpleSprite@@@std@@@std@@@std@@QEAA@XZ 0000000140024720 f i Framework:SimpleSprite.obj
 0002:000137b0       ??0?$allocator@U?$_Tree_node@U?$pair@QEBDUsTextureDef@CSimpleSprite@@@std@@PEAX@std@@@std@@QEAA@XZ 00000001400247b0 f i Framework:SimpleSprite.obj
 0002:00013820       ??0?$map@PEBDUsTextureDef@CSimpleSprite@@U?$less@PEBD@std@@V?$allocator@U?$pair@QEBDUsTextureDef@CSimpleSprite@@@std@@@4@@std@@QEAA@XZ 0000000140024820 f i Framework:SimpleSprite.obj
 0002:00013890       ??0?$tuple@$$V@std@@QEAA@AEBV01@@Z 0000000140024890 f i Framework:SimpleSprite.obj
 0002:00013900       ??0?$tuple@$$V@std@@QEAA@XZ 0000000140024900 f i Framework:SimpleSprite.obj
 0002:00013970       ??0?$tuple@AEBQEBD@std@@QEAA@$$QEAV01@@Z 0000000140024970 f i Framework:SimpleSprite.obj
 0002:00013a10       ??0CSimpleSprite@@QEAA@PEBD@Z 0000000140024a10 f   Framework:SimpleSprite.obj
 0002:00013d70       ??0_Iterator_base12@std@@QEAA@XZ 0000000140024d70 f i Framework:SimpleSprite.obj
 0002:00013e00       ??1?$_Alloc_construct_ptr@V?$allocator@U?$_Tree_node@U?$pair@QEBDUsTextureDef@CSimpleSprite@@@std@@PEAX@std@@@std@@@std@@QEAA@XZ 0000000140024e00 f i Framework:SimpleSprite.obj
 0002:00013ea0       ??1?$_Container_proxy_ptr12@V?$allocator@U_Container_proxy@std@@@std@@@std@@QEAA@XZ 0000000140024ea0 f i Framework:SimpleSprite.obj
 0002:00013f40       ??1?$_Tree@V?$_Tmap_traits@PEBDUsTextureDef@CSimpleSprite@@U?$less@PEBD@std@@V?$allocator@U?$pair@QEBDUsTextureDef@CSimpleSprite@@@std@@@4@$0A@@std@@@std@@QEAA@XZ 0000000140024f40 f i Framework:SimpleSprite.obj
 0002:00014060       ??1?$_Tree_const_iterator@V?$_Tree_val@U?$_Tree_simple_types@U?$pair@QEBDUsTextureDef@CSimpleSprite@@@std@@@std@@@std@@@std@@QEAA@XZ 0000000140025060 f i Framework:SimpleSprite.obj
 0002:000140b0       ??1?$_Tree_iterator@V?$_Tree_val@U?$_Tree_simple_types@U?$pair@QEBDUsTextureDef@CSimpleSprite@@@std@@@std@@@std@@@std@@QEAA@XZ 00000001400250b0 f i Framework:SimpleSprite.obj
 0002:00014100       ??1?$_Tree_temp_node@V?$allocator@U?$_Tree_node@U?$pair@QEBDUsTextureDef@CSimpleSprite@@@std@@PEAX@std@@@std@@@std@@QEAA@XZ 0000000140025100 f i Framework:SimpleSprite.obj
 0002:00014260       ??1?$_Tree_temp_node_alloc@V?$allocator@U?$_Tree_node@U?$pair@QEBDUsTextureDef@CSimpleSprite@@@std@@PEAX@std@@@std@@@std@@QEAA@XZ 0000000140025260 f i Framework:SimpleSprite.obj
 0002:000142b0       ??1?$_Tree_unchecked_const_iterator@V?$_Tree_val@U?$_Tree_simple_types@U?$pair@QEBDUsTextureDef@CSimpleSprite@@@std@@@std@@@std@@U_Iterator_base12@2@@std@@QEAA@XZ 00000001400252b0 f i Framework:SimpleSprite.obj
 0002:00014300       ??1?$map@PEBDUsTextureDef@CSimpleSprite@@U?$less@PEBD@std@@V?$allocator@U?$pair@QEBDUsTextureDef@CSimpleSprite@@@std@@@4@@std@@QEAA@XZ 0000000140025300 f i Framework:SimpleSprite.obj
 0002:00014350       ??1_Iterator_base12@std@@QEAA@XZ 0000000140025350 f i Framework:SimpleSprite.obj
 0002:00014420       ??8?$_Tree_const_iterator@V?$_Tree_val@U?$_Tree_simple_types@U?$pair@QEBDUsTextureDef@CSimpleSprite@@@std@@@std@@@std@@@std@@QEBA_NAEBV01@@Z 0000000140025420 f i Framework:SimpleSprite.obj
 0002:00014590       ??9?$_Tree_const_iterator@V?$_Tree_val@U?$_Tree_simple_types@U?$pair@QEBDUsTextureDef@CSimpleSprite@@@std@@@std@@@std@@@std@@QEBA_NAEBV01@@Z 0000000140025590 f i Framework:SimpleSprite.obj
 0002:00014630       ??A?$map@PEBDUsTextureDef@CSimpleSprite@@U?$less@PEBD@std@@V?$allocator@U?$pair@QEBDUsTextureDef@CSimpleSprite@@@std@@@4@@std@@QEAAAEAUsTextureDef@CSimpleSprite@@AEBQEBD@Z 0000000140025630 f i Framework:SimpleSprite.obj
 0002:000146b0       ??R?$less@PEBD@std@@QEBA_NAEBQEBD0@Z 00000001400256b0 f i Framework:SimpleSprite.obj
 0002:00014750       ?CalculateUVs@CSimpleSprite@@AEAAXXZ 0000000140025750 f   Framework:SimpleSprite.obj
 0002:000149c0       ?Draw@CSimpleSprite@@QEAAXXZ 00000001400259c0 f   Framework:SimpleSprite.obj
 0002:00014cd0       ?LoadTexture@CSimpleSprite@@AEAA_NPEBD@Z 0000000140025cd0 f   Framework:SimpleSprite.obj
 0002:00015070       ?_Adopt@_Iterator_base12@std@@QEAAXPEBU_Container_base12@2@@Z 0000000140026070 f i Framework:SimpleSprite.obj
 0002:000151f0       ?_Alloc_sentinel_and_proxy@?$_Tree@V?$_Tmap_traits@PEBDUsTextureDef@CSimpleSprite@@U?$less@PEBD@std@@V?$allocator@U?$pair@QEBDUsTextureDef@CSimpleSprite@@@std@@@4@$0A@@std@@@std@@IEAAXXZ 00000001400261f0 f i Framework:SimpleSprite.obj
 0002:00015320       ?_Allocate@?$_Alloc_construct_ptr@V?$allocator@U?$_Tree_node@U?$pair@QEBDUsTextureDef@CSimpleSprite@@@std@@PEAX@std@@@std@@@std@@QEAAXXZ 0000000140026320 f i Framework:SimpleSprite.obj
 0002:000153b0       ?_Check_grow_by_1@?$_Tree@V?$_Tmap_traits@PEBDUsTextureDef@CSimpleSprite@@U?$less@PEBD@std@@V?$allocator@U?$pair@QEBDUsTextureDef@CSimpleSprite@@@std@@@4@$0A@@std@@@std@@IEAAXXZ 00000001400263b0 f i Framework:SimpleSprite.obj
 0002:00015440       ?_Get_first@?$_Compressed_pair@U?$less@PEBD@std@@V?$_Compressed_pair@V?$allocator@U?$_Tree_node@U?$pair@QEBDUsTextureDef@CSimpleSprite@@@std@@PEAX@std@@@std@@V?$_Tree_val@U?$_Tree_simple_types@U?$pair@QEBDUsTextureDef@CSimpleSprite@@@std@@@std@@@2@$00@2@$00@std@@QEBAAEBU?$less@PEBD@2@XZ 0000000140026440 f i Framework:SimpleSprite.obj
 0002:000154b0       ?_Get_first@?$_Compressed_pair@V?$allocator@U?$_Tree_node@U?$pair@QEBDUsTextureDef@CSimpleSprite@@@std@@PEAX@std@@@std@@V?$_Tree_val@U?$_Tree_simple_types@U?$pair@QEBDUsTextureDef@CSimpleSprite@@@std@@@std@@@2@$00@std@@QEAAAEAV?$allocator@U?$_Tree_node@U?$pair@QEBDUsTextureDef@CSimpleSprite@@@std@@PEAX@std@@@2@XZ 00000001400264b0 f i Framework:SimpleSprite.obj
 0002:00015520       ?_Get_first@?$_Compressed_pair@V?$allocator@U?$_Tree_node@U?$pair@QEBDUsTextureDef@CSimpleSprite@@@std@@PEAX@std@@@std@@V?$_Tree_val@U?$_Tree_simple_types@U?$pair@QEBDUsTextureDef@CSimpleSprite@@@std@@@std@@@2@$00@std@@QEBAAEBV?$allocator@U?$_Tree_node@U?$pair@QEBDUsTextureDef@CSimpleSprite@@@std@@PEAX@std@@@2@XZ 0000000140026520 f i Framework:SimpleSprite.obj
 0002:00015590       ?_Get_scary@?$_Tree@V?$_Tmap_traits@PEBDUsTextureDef@CSimpleSprite@@U?$less@PEBD@std@@V?$allocator@U?$pair@QEBDUsTextureDef@CSimpleSprite@@@std@@@4@$0A@@std@@@std@@IEAAPEAV?$_Tree_val@U?$_Tree_simple_types@U?$pair@QEBDUsTextureDef@CSimpleSprite@@@std@@@std@@@2@XZ 0000000140026590 f i Framework:SimpleSprite.obj
 0002:00015610       ?_Get_scary@?$_Tree@V?$_Tmap_traits@PEBDUsTextureDef@CSimpleSprite@@U?$less@PEBD@std@@V?$allocator@U?$pair@QEBDUsTextureDef@CSimpleSprite@@@std@@@4@$0A@@std@@@std@@IEBAPEBV?$_Tree_val@U?$_Tree_simple_types@U?$pair@QEBDUsTextureDef@CSimpleSprite@@@std@@@std@@@2@XZ 0000000140026610 f i Framework:SimpleSprite.obj
 0002:00015690       ?_Getal@?$_Tree@V?$_Tmap_traits@PEBDUsTextureDef@CSimpleSprite@@U?$less@PEBD@std@@V?$allocator@U?$pair@QEBDUsTextureDef@CSimpleSprite@@@std@@@4@$0A@@std@@@std@@IEAAAEAV?$allocator@U?$_Tree_node@U?$pair@QEBDUsTextureDef@CSimpleSprite@@@std@@PEAX@std@@@2@XZ 0000000140026690 f i Framework:SimpleSprite.obj
 0002:00015710       ?_Getal@?$_Tree@V?$_Tmap_traits@PEBDUsTextureDef@CSimpleSprite@@U?$less@PEBD@std@@V?$allocator@U?$pair@QEBDUsTextureDef@CSimpleSprite@@@std@@@4@$0A@@std@@@std@@IEBAAEBV?$allocator@U?$_Tree_node@U?$pair@QEBDUsTextureDef@CSimpleSprite@@@std@@PEAX@std@@@2@XZ 0000000140026710 f i Framework:SimpleSprite.obj
 0002:00015790       ?_Getcomp@?$_Tree@V?$_Tmap_traits@PEBDUsTextureDef@CSimpleSprite@@U?$less@PEBD@std@@V?$allocator@U?$pair@QEBDUsTextureDef@CSimpleSprite@@@std@@@4@$0A@@std@@@std@@IEBAAEBU?$less@PEBD@2@XZ 0000000140026790 f i Framework:SimpleSprite.obj
 0002:00015810       ?_Getcont@_Iterator_base12@std@@QEBAPEBU_Container_base12@2@XZ 0000000140026810 f i Framework:SimpleSprite.obj
 0002:000158c0       ?_Insert_node@?$_Tree_val@U?$_Tree_simple_types@U?$pair@QEBDUsTextureDef@CSimpleSprite@@@std@@@std@@@std@@QEAAPEAU?$_Tree_node@U?$pair@QEBDUsTextureDef@CSimpleSprite@@@std@@PEAX@2@U?$_Tree_id@PEAU?$_Tree_node@U?$pair@QEBDUsTextureDef@CSimpleSprite@@@std@@PEAX@std@@@2@QEAU32@@Z 00000001400268c0 f i Framework:SimpleSprite.obj
 0002:00015cc0       ?_Lrotate@?$_Tree_val@U?$_Tree_simple_types@U?$pair@QEBDUsTextureDef@CSimpleSprite@@@std@@@std@@@std@@QEAAXPEAU?$_Tree_node@U?$pair@QEBDUsTextureDef@CSimpleSprite@@@std@@PEAX@2@@Z 0000000140026cc0 f i Framework:SimpleSprite.obj
 0002:00015e30       ?_Orphan_me@_Iterator_base12@std@@QEAAXXZ 0000000140026e30 f i Framework:SimpleSprite.obj
 0002:00015fc0       ?_Release@?$_Alloc_construct_ptr@V?$allocator@U?$_Tree_node@U?$pair@QEBDUsTextureDef@CSimpleSprite@@@std@@PEAX@std@@@std@@@std@@QEAAPEAU?$_Tree_node@U?$pair@QEBDUsTextureDef@CSimpleSprite@@@std@@PEAX@2@XZ 0000000140026fc0 f i Framework:SimpleSprite.obj
 0002:00016050       ?_Release@_Basic_container_proxy_ptr12@std@@QEAAXXZ 0000000140027050 f i Framework:SimpleSprite.obj
 0002:000160c0       ?_Rrotate@?$_Tree_val@U?$_Tree_simple_types@U?$pair@QEBDUsTextureDef@CSimpleSprite@@@std@@@std@@@std@@QEAAXPEAU?$_Tree_node@U?$pair@QEBDUsTextureDef@CSimpleSprite@@@std@@PEAX@2@@Z 00000001400270c0 f i Framework:SimpleSprite.obj
 0002:00016230       ?_Throw_tree_length_error@std@@YAXXZ 0000000140027230 f i Framework:SimpleSprite.obj
 0002:00016280       ?__autoclassinit2@?$map@PEBDUsTextureDef@CSimpleSprite@@U?$less@PEBD@std@@V?$allocator@U?$pair@QEBDUsTextureDef@CSimpleSprite@@@std@@@4@@std@@QEAAX_K@Z 0000000140027280 f i Framework:SimpleSprite.obj
 0002:000162e0       ?allocate@?$allocator@U?$_Tree_node@U?$pair@QEBDUsTextureDef@CSimpleSprite@@@std@@PEAX@std@@@std@@QEAAPEAU?$_Tree_node@U?$pair@QEBDUsTextureDef@CSimpleSprite@@@std@@PEAX@2@_K@Z 00000001400272e0 f i Framework:SimpleSprite.obj
 0002:00016350       ?deallocate@?$_Default_allocator_traits@V?$allocator@U?$_Tree_node@U?$pair@QEBDUsTextureDef@CSimpleSprite@@@std@@PEAX@std@@@std@@@std@@SAXAEAV?$allocator@U?$_Tree_node@U?$pair@QEBDUsTextureDef@CSimpleSprite@@@std@@PEAX@std@@@2@QEAU?$_Tree_node@U?$pair@QEBDUsTextureDef@CSimpleSprite@@@std@@PEAX@2@_K@Z 0000000140027350 f i Framework:SimpleSprite.obj
 0002:000163d0       ?deallocate@?$allocator@U?$_Tree_node@U?$pair@QEBDUsTextureDef@CSimpleSprite@@@std@@PEAX@std@@@std@@QEAAXQEAU?$_Tree_node@U?$pair@QEBDUsTextureDef@CSimpleSprite@@@std@@PEAX@2@_K@Z 00000001400273d0 f i Framework:SimpleSprite.obj
 0002:00016450       ?end@?$_Tree@V?$_Tmap_traits@PEBDUsTextureDef@CSimpleSprite@@U?$less@PEBD@std@@V?$allocator@U?$pair@QEBDUsTextureDef@CSimpleSprite@@@std@@@4@$0A@@std@@@std@@QEAA?AV?$_Tree_iterator@V?$_Tree_val@U?$_Tree_simple_types@U?$pair@QEBDUsTextureDef@CSimpleSprite@@@std@@@std@@@std@@@2@XZ 0000000140027450 f i Framework:SimpleSprite.obj
 0002:00016500       ?find@?$_Tree@V?$_Tmap_traits@PEBDUsTextureDef@CSimpleSprite@@U?$less@PEBD@std@@V?$allocator@U?$pair@QEBDUsTextureDef@CSimpleSprite@@@std@@@4@$0A@@std@@@std@@QEAA?AV?$_Tree_iterator@V?$_Tree_val@U?$_Tree_simple_types@U?$pair@QEBDUsTextureDef@CSimpleSprite@@@std@@@std@@@std@@@2@AEBQEBD@Z 0000000140027500 f i Framework:SimpleSprite.obj
 0002:000165e0       ?max_size@?$_Default_allocator_traits@V?$allocator@U?$_Tree_node@U?$pair@QEBDUsTextureDef@CSimpleSprite@@@std@@PEAX@std@@@std@@@std@@SA_KAEBV?$allocator@U?$_Tree_node@U?$pair@QEBDUsTextureDef@CSimpleSprite@@@std@@PEAX@std@@@2@@Z 00000001400275e0 f i Framework:SimpleSprite.obj
 0002:00016650       ?max_size@?$_Tree@V?$_Tmap_traits@PEBDUsTextureDef@CSimpleSprite@@U?$less@PEBD@std@@V?$allocator@U?$pair@QEBDUsTextureDef@CSimpleSprite@@@std@@@4@$0A@@std@@@std@@QEBA_KXZ 0000000140027650 f i Framework:SimpleSprite.obj
 0002:000166d0       ?CreateSprite@App@@YAPEAVCSimpleSprite@@PEBD@Z 00000001400276d0 f   Framework:app.obj
 0002:000167a0       ?DrawLine@App@@YAXMMMMMMM@Z 00000001400277a0 f   Framework:app.obj
 0002:00016940       ?GetController@App@@YAAEBVCController@@H@Z 0000000140027940 f   Framework:app.obj
 0002:000169b0       ?GetController@CSimpleControllers@@QEAAAEBVCController@@H@Z 00000001400279b0 f i Framework:app.obj
 0002:00016a40       ?GetMousePos@App@@YAXAEAM0@Z 0000000140027a40 f   Framework:app.obj
 0002:00016c30       ?IsKeyPressed@App@@YA_NH@Z 0000000140027c30 f   Framework:app.obj
 0002:00016cc0       ?IsSoundPlaying@App@@YA_NPEBD@Z 0000000140027cc0 f   Framework:app.obj
 0002:00016d30       ?Print@App@@YAXMMPEBDMMMPEAX@Z 0000000140027d30 f   Framework:app.obj
 0002:00016e90       ?StartSound@App@@YAXPEBD_N@Z 0000000140027e90 f   Framework:app.obj
 0002:00016f40       ?StopSound@App@@YAXPEBD@Z  0000000140027f40 f   Framework:app.obj
 0002:00016fb0       ??0CController@@QEAA@XZ    0000000140027fb0 f i Framework:SimpleController.obj
 0002:00017060       ??0CSimpleControllers@@QEAA@XZ 0000000140028060 f i Framework:SimpleController.obj
 0002:000170d0       ??_H@YAXPEAX_K1P6APEAX0@Z@Z 00000001400280d0 f i Framework:SimpleController.obj
 0002:000171c0       ?GetInstance@CSimpleControllers@@SAAEAV1@XZ 00000001400281c0 f   Framework:SimpleController.obj
 0002:00017280       ?Update@CSimpleControllers@@QEAAXXZ 0000000140028280 f   Framework:SimpleController.obj
 0002:00017b60       ??$?0$$V@?$_Compressed_pair@V?$allocator@U?$_Tree_node@U?$pair@QEBDPEAUIDirectSoundBuffer8@@@std@@PEAX@std@@@std@@V?$_Tree_val@U?$_Tree_simple_types@U?$pair@QEBDPEAUIDirectSoundBuffer8@@@std@@@std@@@2@$00@std@@QEAA@U_Zero_then_variadic_args_t@1@@Z 0000000140028b60 f i Framework:SimpleSound.obj
 0002:00017be0       ??$?0AEBQEAU?$_Tree_node@U?$pair@QEBDPEAUIDirectSoundBuffer8@@@std@@PEAX@std@@_N$0A@@?$pair@PEAU?$_Tree_node@U?$pair@QEBDPEAUIDirectSoundBuffer8@@@std@@PEAX@std@@_N@std@@QEAA@AEBQEAU?$_Tree_node@U?$pair@QEBDPEAUIDirectSoundBuffer8@@@std@@PEAX@1@$$QEA_N@Z 0000000140028be0 f i Framework:SimpleSound.obj
 0002:00017ca0       ??$?0AEBQEBD$$Z$$V@?$pair@QEBDPEAUIDirectSoundBuffer8@@@std@@QEAA@Upiecewise_construct_t@1@V?$tuple@AEBQEBD@1@V?$tuple@$$V@1@@Z 0000000140028ca0 f i Framework:SimpleSound.obj
 0002:00017d50       ??$?0AEBU?$less@PEBD@std@@U_Zero_then_variadic_args_t@1@@?$_Compressed_pair@U?$less@PEBD@std@@V?$_Compressed_pair@V?$allocator@U?$_Tree_node@U?$pair@QEBDPEAUIDirectSoundBuffer8@@@std@@PEAX@std@@@std@@V?$_Tree_val@U?$_Tree_simple_types@U?$pair@QEBDPEAUIDirectSoundBuffer8@@@std@@@std@@@2@$00@2@$00@std@@QEAA@U_One_then_variadic_args_t@1@AEBU?$less@PEBD@1@$$QEAU_Zero_then_variadic_args_t@1@@Z 0000000140028d50 f i Framework:SimpleSound.obj
 0002:00017df0       ??$?0AEBUpiecewise_construct_t@std@@V?$tuple@AEBQEBD@1@V?$tuple@$$V@1@@?$_Tree_temp_node@V?$allocator@U?$_Tree_node@U?$pair@QEBDPEAUIDirectSoundBuffer8@@@std@@PEAX@std@@@std@@@std@@QEAA@AEAV?$allocator@U?$_Tree_node@U?$pair@QEBDPEAUIDirectSoundBuffer8@@@std@@PEAX@std@@@1@PEAU?$_Tree_node@U?$pair@QEBDPEAUIDirectSoundBuffer8@@@std@@PEAX@1@AEBUpiecewise_construct_t@1@$$QEAV?$tuple@AEBQEBD@1@$$QEAV?$tuple@$$V@1@@Z 0000000140028df0 f i Framework:SimpleSound.obj
 0002:00018000       ??$?0PEAU?$_Tree_node@U?$pair@QEBDPEAUIDirectSoundBuffer8@@@std@@PEAX@std@@_N$0A@@?$pair@PEAU?$_Tree_node@U?$pair@QEBDPEAUIDirectSoundBuffer8@@@std@@PEAX@std@@_N@std@@QEAA@$$QEAPEAU?$_Tree_node@U?$pair@QEBDPEAUIDirectSoundBuffer8@@@std@@PEAX@1@$$QEA_N@Z 0000000140029000 f i Framework:SimpleSound.obj
 0002:000180c0       ??$?0U?$_Tree_node@U?$pair@QEBDPEAUIDirectSoundBuffer8@@@std@@PEAX@std@@@?$allocator@U_Container_proxy@std@@@std@@QEAA@AEBV?$allocator@U?$_Tree_node@U?$pair@QEBDPEAUIDirectSoundBuffer8@@@std@@PEAX@std@@@1@@Z 00000001400290c0 f i Framework:SimpleSound.obj
 0002:00018130       ??$?0V?$tuple@AEBQEBD@std@@V?$tuple@$$V@1@$0A@$$Z$S@?$pair@QEBDPEAUIDirectSoundBuffer8@@@std@@QEAA@AEAV?$tuple@AEBQEBD@1@AEAV?$tuple@$$V@1@U?$integer_sequence@_K$0A@@1@U?$integer_sequence@_K$S@1@@Z 0000000140029130 f i Framework:SimpleSound.obj
 0002:000181e0       ??$_Buyheadnode@V?$allocator@U?$_Tree_node@U?$pair@QEBDPEAUIDirectSoundBuffer8@@@std@@PEAX@std@@@std@@@?$_Tree_node@U?$pair@QEBDPEAUIDirectSoundBuffer8@@@std@@PEAX@std@@SAPEAU01@AEAV?$allocator@U?$_Tree_node@U?$pair@QEBDPEAUIDirectSoundBuffer8@@@std@@PEAX@std@@@1@@Z 00000001400291e0 f i Framework:SimpleSound.obj
 0002:00018330       ??$_Erase_head@V?$allocator@U?$_Tree_node@U?$pair@QEBDPEAUIDirectSoundBuffer8@@@std@@PEAX@std@@@std@@@?$_Tree_val@U?$_Tree_simple_types@U?$pair@QEBDPEAUIDirectSoundBuffer8@@@std@@@std@@@std@@QEAAXAEAV?$allocator@U?$_Tree_node@U?$pair@QEBDPEAUIDirectSoundBuffer8@@@std@@PEAX@std@@@1@@Z 0000000140029330 f i Framework:SimpleSound.obj
 0002:000183f0       ??$_Erase_tree@V?$allocator@U?$_Tree_node@U?$pair@QEBDPEAUIDirectSoundBuffer8@@@std@@PEAX@std@@@std@@@?$_Tree_val@U?$_Tree_simple_types@U?$pair@QEBDPEAUIDirectSoundBuffer8@@@std@@@std@@@std@@QEAAXAEAV?$allocator@U?$_Tree_node@U?$pair@QEBDPEAUIDirectSoundBuffer8@@@std@@PEAX@std@@@1@PEAU?$_Tree_node@U?$pair@QEBDPEAUIDirectSoundBuffer8@@@std@@PEAX@1@@Z 00000001400293f0 f i Framework:SimpleSound.obj
 0002:000184d0       ??$_Find_lower_bound@PEBD@?$_Tree@V?$_Tmap_traits@PEBDPEAUIDirectSoundBuffer8@@U?$less@PEBD@std@@V?$allocator@U?$pair@QEBDPEAUIDirectSoundBuffer8@@@std@@@3@$0A@@std@@@std@@IEBA?AU?$_Tree_find_result@PEAU?$_Tree_node@U?$pair@QEBDPEAUIDirectSoundBuffer8@@@std@@PEAX@std@@@1@AEBQEBD@Z 00000001400294d0 f i Framework:SimpleSound.obj
 0002:00018690       ??$_Freenode0@V?$allocator@U?$_Tree_node@U?$pair@QEBDPEAUIDirectSoundBuffer8@@@std@@PEAX@std@@@std@@@?$_Tree_node@U?$pair@QEBDPEAUIDirectSoundBuffer8@@@std@@PEAX@std@@SAXAEAV?$allocator@U?$_Tree_node@U?$pair@QEBDPEAUIDirectSoundBuffer8@@@std@@PEAX@std@@@1@PEAU01@@Z 0000000140029690 f i Framework:SimpleSound.obj
 0002:000187a0       ??$_Freenode@V?$allocator@U?$_Tree_node@U?$pair@QEBDPEAUIDirectSoundBuffer8@@@std@@PEAX@std@@@std@@@?$_Tree_node@U?$pair@QEBDPEAUIDirectSoundBuffer8@@@std@@PEAX@std@@SAXAEAV?$allocator@U?$_Tree_node@U?$pair@QEBDPEAUIDirectSoundBuffer8@@@std@@PEAX@std@@@1@PEAU01@@Z 00000001400297a0 f i Framework:SimpleSound.obj
 0002:00018850       ??$_Get_size_of_n@$0DA@@std@@YA_K_K@Z 0000000140029850 f i Framework:SimpleSound.obj
 0002:00018900       ??$_Kfn@QEBDPEAUIDirectSoundBuffer8@@@?$_Tmap_traits@PEBDPEAUIDirectSoundBuffer8@@U?$less@PEBD@std@@V?$allocator@U?$pair@QEBDPEAUIDirectSoundBuffer8@@@std@@@3@$0A@@std@@SAAEBQEBDAEBU?$pair@QEBDPEAUIDirectSoundBuffer8@@@1@@Z 0000000140029900 f i Framework:SimpleSound.obj
 0002:00018960       ??$_Lower_bound_duplicate@PEBD@?$_Tree@V?$_Tmap_traits@PEBDPEAUIDirectSoundBuffer8@@U?$less@PEBD@std@@V?$allocator@U?$pair@QEBDPEAUIDirectSoundBuffer8@@@std@@@3@$0A@@std@@@std@@IEBA_NQEAU?$_Tree_node@U?$pair@QEBDPEAUIDirectSoundBuffer8@@@std@@PEAX@1@AEBQEBD@Z 0000000140029960 f i Framework:SimpleSound.obj
 0002:00018a50       ??$_Try_emplace@AEBQEBD$$V@?$map@PEBDPEAUIDirectSoundBuffer8@@U?$less@PEBD@std@@V?$allocator@U?$pair@QEBDPEAUIDirectSoundBuffer8@@@std@@@3@@std@@AEAA?AU?$pair@PEAU?$_Tree_node@U?$pair@QEBDPEAUIDirectSoundBuffer8@@@std@@PEAX@std@@_N@1@AEBQEBD@Z 0000000140029a50 f i Framework:SimpleSound.obj
 0002:00018cc0       ??$addressof@$$CBV?$_Tree_val@U?$_Tree_simple_types@U?$pair@QEBDPEAUIDirectSoundBuffer8@@@std@@@std@@@std@@@std@@YAPEBV?$_Tree_val@U?$_Tree_simple_types@U?$pair@QEBDPEAUIDirectSoundBuffer8@@@std@@@std@@@0@AEBV10@@Z 0000000140029cc0 f i Framework:SimpleSound.obj
 0002:00018d30       ??$addressof@PEAU?$_Tree_node@U?$pair@QEBDPEAUIDirectSoundBuffer8@@@std@@PEAX@std@@@std@@YAPEAPEAU?$_Tree_node@U?$pair@QEBDPEAUIDirectSoundBuffer8@@@std@@PEAX@0@AEAPEAU10@@Z 0000000140029d30 f i Framework:SimpleSound.obj
 0002:00018da0       ??$addressof@U?$pair@QEBDPEAUIDirectSoundBuffer8@@@std@@@std@@YAPEAU?$pair@QEBDPEAUIDirectSoundBuffer8@@@0@AEAU10@@Z 0000000140029da0 f i Framework:SimpleSound.obj
 0002:00018e10       ??$addressof@V?$_Tree_val@U?$_Tree_simple_types@U?$pair@QEBDPEAUIDirectSoundBuffer8@@@std@@@std@@@std@@@std@@YAPEAV?$_Tree_val@U?$_Tree_simple_types@U?$pair@QEBDPEAUIDirectSoundBuffer8@@@std@@@std@@@0@AEAV10@@Z 0000000140029e10 f i Framework:SimpleSound.obj
 0002:00018e80       ??$construct@PEAU?$_Tree_node@U?$pair@QEBDPEAUIDirectSoundBuffer8@@@std@@PEAX@std@@AEAPEAU12@@?$_Default_allocator_traits@V?$allocator@U?$_Tree_node@U?$pair@QEBDPEAUIDirectSoundBuffer8@@@std@@PEAX@std@@@std@@@std@@SAXAEAV?$allocator@U?$_Tree_node@U?$pair@QEBDPEAUIDirectSoundBuffer8@@@std@@PEAX@std@@@1@QEAPEAU?$_Tree_node@U?$pair@QEBDPEAUIDirectSoundBuffer8@@@std@@PEAX@1@AEAPEAU31@@Z 0000000140029e80 f i Framework:SimpleSound.obj
 0002:00018f20       ??$construct@U?$pair@QEBDPEAUIDirectSoundBuffer8@@@std@@AEBUpiecewise_construct_t@2@V?$tuple@AEBQEBD@2@V?$tuple@$$V@2@@?$_Default_allocator_traits@V?$allocator@U?$_Tree_node@U?$pair@QEBDPEAUIDirectSoundBuffer8@@@std@@PEAX@std@@@std@@@std@@SAXAEAV?$allocator@U?$_Tree_node@U?$pair@QEBDPEAUIDirectSoundBuffer8@@@std@@PEAX@std@@@1@QEAU?$pair@QEBDPEAUIDirectSoundBuffer8@@@1@AEBUpiecewise_construct_t@1@$$QEAV?$tuple@AEBQEBD@1@$$QEAV?$tuple@$$V@1@@Z 0000000140029f20 f i Framework:SimpleSound.obj
 0002:00019060       ??$destroy@PEAU?$_Tree_node@U?$pair@QEBDPEAUIDirectSoundBuffer8@@@std@@PEAX@std@@@?$_Default_allocator_traits@V?$allocator@U?$_Tree_node@U?$pair@QEBDPEAUIDirectSoundBuffer8@@@std@@PEAX@std@@@std@@@std@@SAXAEAV?$allocator@U?$_Tree_node@U?$pair@QEBDPEAUIDirectSoundBuffer8@@@std@@PEAX@std@@@1@QEAPEAU?$_Tree_node@U?$pair@QEBDPEAUIDirectSoundBuffer8@@@std@@PEAX@1@@Z 000000014002a060 f i Framework:SimpleSound.obj
 0002:000190c0       ??$destroy@U?$pair@QEBDPEAUIDirectSoundBuffer8@@@std@@@?$_Default_allocator_traits@V?$allocator@U?$_Tree_node@U?$pair@QEBDPEAUIDirectSoundBuffer8@@@std@@PEAX@std@@@std@@@std@@SAXAEAV?$allocator@U?$_Tree_node@U?$pair@QEBDPEAUIDirectSoundBuffer8@@@std@@PEAX@std@@@1@QEAU?$pair@QEBDPEAUIDirectSoundBuffer8@@@1@@Z 000000014002a0c0 f i Framework:SimpleSound.obj
 0002:00019120       ??$exchange@PEAU?$_Tree_node@U?$pair@QEBDPEAUIDirectSoundBuffer8@@@std@@PEAX@std@@$$T@std@@YAPEAU?$_Tree_node@U?$pair@QEBDPEAUIDirectSoundBuffer8@@@std@@PEAX@0@AEAPEAU10@$$QEA$$T@Z 000000014002a120 f i Framework:SimpleSound.obj
 0002:000191b0       ??$exchange@PEAU?$_Tree_node@U?$pair@QEBDPEAUIDirectSoundBuffer8@@@std@@PEAX@std@@AEAPEAU12@@std@@YAPEAU?$_Tree_node@U?$pair@QEBDPEAUIDirectSoundBuffer8@@@std@@PEAX@0@AEAPEAU10@0@Z 000000014002a1b0 f i Framework:SimpleSound.obj
 0002:00019240       ??$forward@AEAPEAU?$_Tree_node@U?$pair@QEBDPEAUIDirectSoundBuffer8@@@std@@PEAX@std@@@std@@YAAEAPEAU?$_Tree_node@U?$pair@QEBDPEAUIDirectSoundBuffer8@@@std@@PEAX@0@AEAPEAU10@@Z 000000014002a240 f i Framework:SimpleSound.obj
 0002:000192b0       ??$forward@AEBQEAU?$_Tree_node@U?$pair@QEBDPEAUIDirectSoundBuffer8@@@std@@PEAX@std@@@std@@YAAEBQEAU?$_Tree_node@U?$pair@QEBDPEAUIDirectSoundBuffer8@@@std@@PEAX@0@AEBQEAU10@@Z 000000014002a2b0 f i Framework:SimpleSound.obj
 0002:00019320       ??$forward@PEAU?$_Tree_node@U?$pair@QEBDPEAUIDirectSoundBuffer8@@@std@@PEAX@std@@@std@@YA$$QEAPEAU?$_Tree_node@U?$pair@QEBDPEAUIDirectSoundBuffer8@@@std@@PEAX@0@AEAPEAU10@@Z 000000014002a320 f i Framework:SimpleSound.obj
 0002:00019390       ??0?$_Alloc_construct_ptr@V?$allocator@U?$_Tree_node@U?$pair@QEBDPEAUIDirectSoundBuffer8@@@std@@PEAX@std@@@std@@@std@@QEAA@AEAV?$allocator@U?$_Tree_node@U?$pair@QEBDPEAUIDirectSoundBuffer8@@@std@@PEAX@std@@@1@@Z 000000014002a390 f i Framework:SimpleSound.obj
 0002:00019420       ??0?$_Tree@V?$_Tmap_traits@PEBDPEAUIDirectSoundBuffer8@@U?$less@PEBD@std@@V?$allocator@U?$pair@QEBDPEAUIDirectSoundBuffer8@@@std@@@3@$0A@@std@@@std@@QEAA@AEBU?$less@PEBD@1@@Z 000000014002a420 f i Framework:SimpleSound.obj
 0002:000194c0       ??0?$_Tree_temp_node_alloc@V?$allocator@U?$_Tree_node@U?$pair@QEBDPEAUIDirectSoundBuffer8@@@std@@PEAX@std@@@std@@@std@@QEAA@AEAV?$allocator@U?$_Tree_node@U?$pair@QEBDPEAUIDirectSoundBuffer8@@@std@@PEAX@std@@@1@@Z 000000014002a4c0 f i Framework:SimpleSound.obj
 0002:00019560       ??0?$_Tree_unchecked_const_iterator@V?$_Tree_val@U?$_Tree_simple_types@U?$pair@QEBDPEAUIDirectSoundBuffer8@@@std@@@std@@@std@@U_Iterator_base0@2@@std@@QEAA@PEAU?$_Tree_node@U?$pair@QEBDPEAUIDirectSoundBuffer8@@@std@@PEAX@1@PEBV?$_Tree_val@U?$_Tree_simple_types@U?$pair@QEBDPEAUIDirectSoundBuffer8@@@std@@@std@@@1@@Z 000000014002a560 f i Framework:SimpleSound.obj
 0002:00019600       ??0?$_Tree_unchecked_iterator@V?$_Tree_val@U?$_Tree_simple_types@U?$pair@QEBDPEAUIDirectSoundBuffer8@@@std@@@std@@@std@@@std@@QEAA@PEAU?$_Tree_node@U?$pair@QEBDPEAUIDirectSoundBuffer8@@@std@@PEAX@1@PEBV?$_Tree_val@U?$_Tree_simple_types@U?$pair@QEBDPEAUIDirectSoundBuffer8@@@std@@@std@@@1@@Z 000000014002a600 f i Framework:SimpleSound.obj
 0002:00019690       ??0?$_Tree_val@U?$_Tree_simple_types@U?$pair@QEBDPEAUIDirectSoundBuffer8@@@std@@@std@@@std@@QEAA@XZ 000000014002a690 f i Framework:SimpleSound.obj
 0002:00019720       ??0?$allocator@U?$_Tree_node@U?$pair@QEBDPEAUIDirectSoundBuffer8@@@std@@PEAX@std@@@std@@QEAA@XZ 000000014002a720 f i Framework:SimpleSound.obj
 0002:00019790       ??0?$map@PEBDPEAUIDirectSoundBuffer8@@U?$less@PEBD@std@@V?$allocator@U?$pair@QEBDPEAUIDirectSoundBuffer8@@@std@@@3@@std@@QEAA@XZ 000000014002a790 f i Framework:SimpleSound.obj
 0002:00019800       ??0CSimpleSound@@QEAA@XZ   000000014002a800 f   Framework:SimpleSound.obj
 0002:000198a0       ??1?$_Alloc_construct_ptr@V?$allocator@U?$_Tree_node@U?$pair@QEBDPEAUIDirectSoundBuffer8@@@std@@PEAX@std@@@std@@@std@@QEAA@XZ 000000014002a8a0 f i Framework:SimpleSound.obj
 0002:00019940       ??1?$_Tree@V?$_Tmap_traits@PEBDPEAUIDirectSoundBuffer8@@U?$less@PEBD@std@@V?$allocator@U?$pair@QEBDPEAUIDirectSoundBuffer8@@@std@@@3@$0A@@std@@@std@@QEAA@XZ 000000014002a940 f i Framework:SimpleSound.obj
 0002:00019a60       ??1?$_Tree_temp_node@V?$allocator@U?$_Tree_node@U?$pair@QEBDPEAUIDirectSoundBuffer8@@@std@@PEAX@std@@@std@@@std@@QEAA@XZ 000000014002aa60 f i Framework:SimpleSound.obj
 0002:00019bc0       ??1?$_Tree_temp_node_alloc@V?$allocator@U?$_Tree_node@U?$pair@QEBDPEAUIDirectSoundBuffer8@@@std@@PEAX@std@@@std@@@std@@QEAA@XZ 000000014002abc0 f i Framework:SimpleSound.obj
 0002:00019c10       ??1?$map@PEBDPEAUIDirectSoundBuffer8@@U?$less@PEBD@std@@V?$allocator@U?$pair@QEBDPEAUIDirectSoundBuffer8@@@std@@@3@@std@@QEAA@XZ 000000014002ac10 f i Framework:SimpleSound.obj
 0002:00019c60       ??1CSimpleSound@@QEAA@XZ   000000014002ac60 f   Framework:SimpleSound.obj
 0002:00019cf0       ??9?$_Tree_unchecked_const_iterator@V?$_Tree_val@U?$_Tree_simple_types@U?$pair@QEBDPEAUIDirectSoundBuffer8@@@std@@@std@@@std@@U_Iterator_base0@2@@std@@QEBA_NU_Default_sentinel@1@@Z 000000014002acf0 f i Framework:SimpleSound.obj
 0002:00019d90       ??A?$map@PEBDPEAUIDirectSoundBuffer8@@U?$less@PEBD@std@@V?$allocator@U?$pair@QEBDPEAUIDirectSoundBuffer8@@@std@@@3@@std@@QEAAAEAPEAUIDirectSoundBuffer8@@AEBQEBD@Z 000000014002ad90 f i Framework:SimpleSound.obj
 0002:00019e10       ??D?$_Tree_unchecked_const_iterator@V?$_Tree_val@U?$_Tree_simple_types@U?$pair@QEBDPEAUIDirectSoundBuffer8@@@std@@@std@@@std@@U_Iterator_base0@2@@std@@QEBAAEBU?$pair@QEBDPEAUIDirectSoundBuffer8@@@1@XZ 000000014002ae10 f i Framework:SimpleSound.obj
 0002:00019e80       ??D?$_Tree_unchecked_iterator@V?$_Tree_val@U?$_Tree_simple_types@U?$pair@QEBDPEAUIDirectSoundBuffer8@@@std@@@std@@@std@@@std@@QEBAAEAU?$pair@QEBDPEAUIDirectSoundBuffer8@@@1@XZ 000000014002ae80 f i Framework:SimpleSound.obj
 0002:00019ee0       ??E?$_Tree_unchecked_const_iterator@V?$_Tree_val@U?$_Tree_simple_types@U?$pair@QEBDPEAUIDirectSoundBuffer8@@@std@@@std@@@std@@U_Iterator_base0@2@@std@@QEAAAEAV01@XZ 000000014002aee0 f i Framework:SimpleSound.obj
 0002:00019fe0       ??E?$_Tree_unchecked_iterator@V?$_Tree_val@U?$_Tree_simple_types@U?$pair@QEBDPEAUIDirectSoundBuffer8@@@std@@@std@@@std@@@std@@QEAAAEAV01@XZ 000000014002afe0 f i Framework:SimpleSound.obj
 0002:0001a050       ?GetInstance@CSimpleSound@@SAAEAV1@XZ 000000014002b050 f   Framework:SimpleSound.obj
 0002:0001a140       ?Initialize@CSimpleSound@@QEAA_NPEAUHWND__@@@Z 000000014002b140 f   Framework:SimpleSound.obj
 0002:0001a1b0       ?InitializeDirectSound@CSimpleSound@@AEAA_NPEAUHWND__@@@Z 000000014002b1b0 f   Framework:SimpleSound.obj
 0002:0001a420       ?IsPlaying@CSimpleSound@@QEAA_NPEBD@Z 000000014002b420 f   Framework:SimpleSound.obj
 0002:0001a570       ?LoadWaveFile@CSimpleSound@@AEAA_NPEBD@Z 000000014002b570 f   Framework:SimpleSound.obj
 0002:0001ac30       ?Shutdown@CSimpleSound@@QEAAXXZ 000000014002bc30 f   Framework:SimpleSound.obj
 0002:0001ad90       ?ShutdownDirectSound@CSimpleSound@@AEAAXXZ 000000014002bd90 f   Framework:SimpleSound.obj
 0002:0001ae70       ?StartSound@CSimpleSound@@QEAA_NPEBDK@Z 000000014002be70 f   Framework:SimpleSound.obj
 0002:0001b080       ?StopSound@CSimpleSound@@QEAA_NPEBD@Z 000000014002c080 f   Framework:SimpleSound.obj
 0002:0001b1b0       ?_Adopt@_Iterator_base0@std@@QEAAXPEBX@Z 000000014002c1b0 f i Framework:SimpleSound.obj
 0002:0001b220       ?_Alloc_sentinel_and_proxy@?$_Tree@V?$_Tmap_traits@PEBDPEAUIDirectSoundBuffer8@@U?$less@PEBD@std@@V?$allocator@U?$pair@QEBDPEAUIDirectSoundBuffer8@@@std@@@3@$0A@@std@@@std@@IEAAXXZ 000000014002c220 f i Framework:SimpleSound.obj
 0002:0001b350       ?_Allocate@?$_Alloc_construct_ptr@V?$allocator@U?$_Tree_node@U?$pair@QEBDPEAUIDirectSoundBuffer8@@@std@@PEAX@std@@@std@@@std@@QEAAXXZ 000000014002c350 f i Framework:SimpleSound.obj
 0002:0001b3e0       ?_Check_grow_by_1@?$_Tree@V?$_Tmap_traits@PEBDPEAUIDirectSoundBuffer8@@U?$less@PEBD@std@@V?$allocator@U?$pair@QEBDPEAUIDirectSoundBuffer8@@@std@@@3@$0A@@std@@@std@@IEAAXXZ 000000014002c3e0 f i Framework:SimpleSound.obj
[...]
 0007:0000019d       __7DE2571C_string          000000014005119d     Framework:main.obj
 0007:0000019e       __DD77B0D0_freeglut_std@h  000000014005119e     Framework:main.obj
 0007:0000019f       __46DC25C8_SimpleController@h 000000014005119f     Framework:main.obj
 0007:000001a0       __0674EF3E_tuple           00000001400511a0     Framework:main.obj
 0007:000001a1       __A97E0A7D_xtree           00000001400511a1     Framework:main.obj
 0007:000001a2       __A41980A5_SimpleSprite@h  00000001400511a2     Framework:main.obj
 0007:000001a3       __93CD9BD0_main@cpp        00000001400511a3     Framework:main.obj
 0007:000001a4       __AB833D9C_istream         00000001400511a4     Framework:main.obj
 0007:000001a5       __C85308A6_ostream         00000001400511a5     Framework:main.obj
 0007:000001a6       __8927F3F0_streambuf       00000001400511a6     Framework:main.obj
 0007:000001a7       __1A3B430C_utility         00000001400511a7     Framework:main.obj
 0007:000001a8       __79760888_iosfwd          00000001400511a8     Framework:main.obj
 0007:000001a9       __08C5FDC7_xatomic@h       00000001400511a9     Framework:main.obj
 0007:000001aa       __ED24D41E_xstddef         00000001400511aa     Framework:main.obj
 0007:000001b8       __F66CEB67_corecrt_stdio_config@h 00000001400511b8     Framework:SimpleSprite.obj
 0007:000001b9       __101834BA_corecrt_wstdio@h 00000001400511b9     Framework:SimpleSprite.obj
 0007:000001ba       __AD6A91B7_stdio@h         00000001400511ba     Framework:SimpleSprite.obj
 0007:000001bb       __367CC694_corecrt_memcpy_s@h 00000001400511bb     Framework:SimpleSprite.obj
 0007:000001bc       __35D7DDB3_corecrt_memory@h 00000001400511bc     Framework:SimpleSprite.obj
 0007:000001bd       __DC9673E3_corecrt_wstring@h 00000001400511bd     Framework:SimpleSprite.obj
 0007:000001be       __A29A7DFB_string@h        00000001400511be     Framework:SimpleSprite.obj
 0007:000001bf       __E6E0639A_mbstring@h      00000001400511bf     Framework:SimpleSprite.obj
 0007:000001c0       __62A468D7_tchar@h         00000001400511c0     Framework:SimpleSprite.obj
 0007:000001c1       __7242C389_ctype@h         00000001400511c1     Framework:SimpleSprite.obj
 0007:000001c2       __90A1F774_basetsd@h       00000001400511c2     Framework:SimpleSprite.obj
 0007:000001c3       __3C23D660_guiddef@h       00000001400511c3     Framework:SimpleSprite.obj
 0007:000001c4       __AF541008_winnt@h         00000001400511c4     Framework:SimpleSprite.obj
 0007:000001c5       __0D001789_processthreadsapi@h 00000001400511c5     Framework:SimpleSprite.obj
 0007:000001c6       __F972325D_memoryapi@h     00000001400511c6     Framework:SimpleSprite.obj
 0007:000001c7       __76CD430D_winerror@h      00000001400511c7     Framework:SimpleSprite.obj
 0007:000001c8       __737D49DB_winbase@h       00000001400511c8     Framework:SimpleSprite.obj
 0007:000001c9       __1B9502AC_winuser@h       00000001400511c9     Framework:SimpleSprite.obj
 0007:000001ca       __376EBCA0_winioctl@h      00000001400511ca     Framework:SimpleSprite.obj
 0007:000001cb       __24E9E95F_stdlib@h        00000001400511cb     Framework:SimpleSprite.obj
 0007:000001cc       __2CCBBE23_propidl@h       00000001400511cc     Framework:SimpleSprite.obj
 0007:000001cd       __AD360DAF_oleauto@h       00000001400511cd     Framework:SimpleSprite.obj
 0007:000001ce       __0396F1A5_stralign@h      00000001400511ce     Framework:SimpleSprite.obj
 0007:000001cf       __DD77B0D0_freeglut_std@h  00000001400511cf     Framework:SimpleSprite.obj
 0007:000001d0       __46DC25C8_SimpleController@h 00000001400511d0     Framework:SimpleSprite.obj
 0007:000001d1       __6FB55B51_vcruntime_new@h 00000001400511d1     Framework:SimpleSprite.obj
 0007:000001d2       __09340588_corecrt_math@h  00000001400511d2     Framework:SimpleSprite.obj
 0007:000001d3       __2D36C687_cstdlib         00000001400511d3     Framework:SimpleSprite.obj
 0007:000001d4       __28267CD6_type_traits     00000001400511d4     Framework:SimpleSprite.obj
 0007:000001d5       __B0C4CEA9_malloc@h        00000001400511d5     Framework:SimpleSprite.obj
 0007:000001d6       __AC5E3E9C_vcruntime_exception@h 00000001400511d6     Framework:SimpleSprite.obj
 0007:000001d7       __02C97111_exception       00000001400511d7     Framework:SimpleSprite.obj
 0007:000001d8       __FC2180FC_xutility        00000001400511d8     Framework:SimpleSprite.obj
 0007:000001d9       __0674EF3E_tuple           00000001400511d9     Framework:SimpleSprite.obj
 0007:000001da       __5467428D_corecrt_wconio@h 00000001400511da     Framework:SimpleSprite.obj
 0007:000001db       __4442441F_corecrt_wio@h   00000001400511db     Framework:SimpleSprite.obj
 0007:000001dc       __45F4AF76_corecrt_wtime@h 00000001400511dc     Framework:SimpleSprite.obj
 0007:000001dd       __186FF47F_stat@h          00000001400511dd     Framework:SimpleSprite.obj
 0007:000001de       __534C724A_wchar@h         00000001400511de     Framework:SimpleSprite.obj
 0007:000001df       __B59FDD0E_limits          00000001400511df     Framework:SimpleSprite.obj
 0007:000001e0       __70AE20CF_xmemory         00000001400511e0     Framework:SimpleSprite.obj
 0007:000001e1       __A97E0A7D_xtree           00000001400511e1     Framework:SimpleSprite.obj
 0007:000001e2       __A41980A5_SimpleSprite@h  00000001400511e2     Framework:SimpleSprite.obj
 0007:000001e3       __4DA788BE_SimpleSprite@cpp 00000001400511e3     Framework:SimpleSprite.obj
 0007:000001e4       __B087C87A_map             00000001400511e4     Framework:SimpleSprite.obj
 0007:000001e5       __1A3B430C_utility         00000001400511e5     Framework:SimpleSprite.obj
 0007:000001e6       __ED24D41E_xstddef         00000001400511e6     Framework:SimpleSprite.obj
 0007:000001f0       __F66CEB67_corecrt_stdio_config@h 00000001400511f0     Framework:app.obj
 0007:000001f1       __101834BA_corecrt_wstdio@h 00000001400511f1     Framework:app.obj
 0007:000001f2       __AD6A91B7_stdio@h         00000001400511f2     Framework:app.obj
 0007:000001f3       __367CC694_corecrt_memcpy_s@h 00000001400511f3     Framework:app.obj
 0007:000001f4       __35D7DDB3_corecrt_memory@h 00000001400511f4     Framework:app.obj
 0007:000001f5       __DC9673E3_corecrt_wstring@h 00000001400511f5     Framework:app.obj
 0007:000001f6       __A29A7DFB_string@h        00000001400511f6     Framework:app.obj
 0007:000001f7       __E6E0639A_mbstring@h      00000001400511f7     Framework:app.obj
 0007:000001f8       __62A468D7_tchar@h         00000001400511f8     Framework:app.obj
 0007:000001f9       __6FB55B51_vcruntime_new@h 00000001400511f9     Framework:app.obj
 0007:000001fa       __5467428D_corecrt_wconio@h 00000001400511fa     Framework:app.obj
 0007:000001fb       __4442441F_corecrt_wio@h   00000001400511fb     Framework:app.obj
 0007:000001fc       __45F4AF76_corecrt_wtime@h 00000001400511fc     Framework:app.obj
 0007:000001fd       __186FF47F_stat@h          00000001400511fd     Framework:app.obj
 0007:000001fe       __534C724A_wchar@h         00000001400511fe     Framework:app.obj
 0007:000001ff       __09340588_corecrt_math@h  00000001400511ff     Framework:app.obj
 0007:00000200       __24E9E95F_stdlib@h        0000000140051200     Framework:app.obj
 0007:00000201       __2D36C687_cstdlib         0000000140051201     Framework:app.obj
 0007:00000202       __B59FDD0E_limits          0000000140051202     Framework:app.obj
 0007:00000203       __28267CD6_type_traits     0000000140051203     Framework:app.obj
 0007:00000204       __B0C4CEA9_malloc@h        0000000140051204     Framework:app.obj
 0007:00000205       __AC5E3E9C_vcruntime_exception@h 0000000140051205     Framework:app.obj
 0007:00000206       __02C97111_exception       0000000140051206     Framework:app.obj
 0007:00000207       __FC2180FC_xutility        0000000140051207     Framework:app.obj
 0007:00000208       __70AE20CF_xmemory         0000000140051208     Framework:app.obj
 0007:00000209       __047DA653_xstring         0000000140051209     Framework:app.obj
 0007:0000020a       __7242C389_ctype@h         000000014005120a     Framework:app.obj
 0007:0000020b       __7DE2571C_string          000000014005120b     Framework:app.obj
 0007:0000020c       __90A1F774_basetsd@h       000000014005120c     Framework:app.obj
 0007:0000020d       __3C23D660_guiddef@h       000000014005120d     Framework:app.obj
 0007:0000020e       __AF541008_winnt@h         000000014005120e     Framework:app.obj
 0007:0000020f       __0D001789_processthreadsapi@h 000000014005120f     Framework:app.obj
 0007:00000210       __F972325D_memoryapi@h     0000000140051210     Framework:app.obj
 0007:00000211       __76CD430D_winerror@h      0000000140051211     Framework:app.obj
 0007:00000212       __737D49DB_winbase@h       0000000140051212     Framework:app.obj
 0007:00000213       __1B9502AC_winuser@h       0000000140051213     Framework:app.obj
 0007:00000214       __376EBCA0_winioctl@h      0000000140051214     Framework:app.obj
 0007:00000215       __2CCBBE23_propidl@h       0000000140051215     Framework:app.obj
 0007:00000216       __AD360DAF_oleauto@h       0000000140051216     Framework:app.obj
 0007:00000217       __0396F1A5_stralign@h      0000000140051217     Framework:app.obj
 0007:00000218       __DD77B0D0_freeglut_std@h  0000000140051218     Framework:app.obj
 0007:00000219       __46DC25C8_SimpleController@h 0000000140051219     Framework:app.obj
 0007:0000021a       __0674EF3E_tuple           000000014005121a     Framework:app.obj
 0007:0000021b       __A97E0A7D_xtree           000000014005121b     Framework:app.obj
 0007:0000021c       __A41980A5_SimpleSprite@h  000000014005121c     Framework:app.obj
 0007:0000021d       __24070478_app@cpp         000000014005121d     Framework:app.obj
 0007:0000021e       __1A3B430C_utility         000000014005121e     Framework:app.obj
 0007:0000021f       __ED24D41E_xstddef         000000014005121f     Framework:app.obj
 0007:00000229       __F66CEB67_corecrt_stdio_config@h 0000000140051229     Framework:SimpleController.obj
 0007:0000022a       __101834BA_corecrt_wstdio@h 000000014005122a     Framework:SimpleController.obj
 0007:0000022b       __AD6A91B7_stdio@h         000000014005122b     Framework:SimpleController.obj
 0007:0000022c       __367CC694_corecrt_memcpy_s@h 000000014005122c     Framework:SimpleController.obj
 0007:0000022d       __35D7DDB3_corecrt_memory@h 000000014005122d     Framework:SimpleController.obj
 0007:0000022e       __DC9673E3_corecrt_wstring@h 000000014005122e     Framework:SimpleController.obj
 0007:0000022f       __A29A7DFB_string@h        000000014005122f     Framework:SimpleController.obj
 0007:00000230       __E6E0639A_mbstring@h      0000000140051230     Framework:SimpleController.obj
 0007:00000231       __62A468D7_tchar@h         0000000140051231     Framework:SimpleController.obj
 0007:00000232       __7242C389_ctype@h         0000000140051232     Framework:SimpleController.obj
 0007:00000233       __90A1F774_basetsd@h       0000000140051233     Framework:SimpleController.obj
 0007:00000234       __3C23D660_guiddef@h       0000000140051234     Framework:SimpleController.obj
 0007:00000235       __AF541008_winnt@h         0000000140051235     Framework:SimpleController.obj
 0007:00000236       __0D001789_processthreadsapi@h 0000000140051236     Framework:SimpleController.obj
 0007:00000237       __F972325D_memoryapi@h     0000000140051237     Framework:SimpleController.obj
 0007:00000238       __76CD430D_winerror@h      0000000140051238     Framework:SimpleController.obj
 0007:00000239       __737D49DB_winbase@h       0000000140051239     Framework:SimpleController.obj
 0007:0000023a       __1B9502AC_winuser@h       000000014005123a     Framework:SimpleController.obj
 0007:0000023b       __376EBCA0_winioctl@h      000000014005123b     Framework:SimpleController.obj
 0007:0000023c       __24E9E95F_stdlib@h        000000014005123c     Framework:SimpleController.obj
 0007:0000023d       __2CCBBE23_propidl@h       000000014005123d     Framework:SimpleController.obj
 0007:0000023e       __AD360DAF_oleauto@h       000000014005123e     Framework:SimpleController.obj
 0007:0000023f       __0396F1A5_stralign@h      000000014005123f     Framework:SimpleController.obj
 0007:00000240       __46DC25C8_SimpleController@h 0000000140051240     Framework:SimpleController.obj
 0007:00000241       __DD77B0D0_freeglut_std@h  0000000140051241     Framework:SimpleController.obj
 0007:00000242       __6FB55B51_vcruntime_new@h 0000000140051242     Framework:SimpleController.obj
 0007:00000243       __09340588_corecrt_math@h  0000000140051243     Framework:SimpleController.obj
 0007:00000244       __2D36C687_cstdlib         0000000140051244     Framework:SimpleController.obj
 0007:00000245       __28267CD6_type_traits     0000000140051245     Framework:SimpleController.obj
 0007:00000246       __B0C4CEA9_malloc@h        0000000140051246     Framework:SimpleController.obj
 0007:00000247       __AC5E3E9C_vcruntime_exception@h 0000000140051247     Framework:SimpleController.obj
 0007:00000248       __02C97111_exception       0000000140051248     Framework:SimpleController.obj
 0007:00000249       __FC2180FC_xutility        0000000140051249     Framework:SimpleController.obj
 0007:0000024a       __0674EF3E_tuple           000000014005124a     Framework:SimpleController.obj
 0007:0000024b       __5467428D_corecrt_wconio@h 000000014005124b     Framework:SimpleController.obj
 0007:0000024c       __4442441F_corecrt_wio@h   000000014005124c     Framework:SimpleController.obj
 0007:0000024d       __45F4AF76_corecrt_wtime@h 000000014005124d     Framework:SimpleController.obj
 0007:0000024e       __186FF47F_stat@h          000000014005124e     Framework:SimpleController.obj
 0007:0000024f       __534C724A_wchar@h         000000014005124f     Framework:SimpleController.obj
 0007:00000250       __B59FDD0E_limits          0000000140051250     Framework:SimpleController.obj
 0007:00000251       __70AE20CF_xmemory         0000000140051251     Framework:SimpleController.obj
 0007:00000252       __A97E0A7D_xtree           0000000140051252     Framework:SimpleController.obj
 0007:00000253       __A41980A5_SimpleSprite@h  0000000140051253     Framework:SimpleController.obj
 0007:00000254       __3B4828F6_SimpleController@cpp 0000000140051254     Framework:SimpleController.obj
 0007:0000025d       __F66CEB67_corecrt_stdio_config@h 000000014005125d     Framework:SimpleSound.obj
 0007:0000025e       __101834BA_corecrt_wstdio@h 000000014005125e     Framework:SimpleSound.obj
 0007:0000025f       __AD6A91B7_stdio@h         000000014005125f     Framework:SimpleSound.obj
 0007:00000260       __367CC694_corecrt_memcpy_s@h 0000000140051260     Framework:SimpleSound.obj
 0007:00000261       __35D7DDB3_corecrt_memory@h 0000000140051261     Framework:SimpleSound.obj
 0007:00000262       __DC9673E3_corecrt_wstring@h 0000000140051262     Framework:SimpleSound.obj
 0007:00000263       __A29A7DFB_string@h        0000000140051263     Framework:SimpleSound.obj
 0007:00000264       __E6E0639A_mbstring@h      0000000140051264     Framework:SimpleSound.obj
 0007:00000265       __62A468D7_tchar@h         0000000140051265     Framework:SimpleSound.obj
 0007:00000266       __7242C389_ctype@h         0000000140051266     Framework:SimpleSound.obj
 0007:00000267       __90A1F774_basetsd@h       0000000140051267     Framework:SimpleSound.obj
 0007:00000268       __3C23D660_guiddef@h       0000000140051268     Framework:SimpleSound.obj
 0007:00000269       __AF541008_winnt@h         0000000140051269     Framework:SimpleSound.obj
 0007:0000026a       __0D001789_processthreadsapi@h 000000014005126a     Framework:SimpleSound.obj
 0007:0000026b       __F972325D_memoryapi@h     000000014005126b     Framework:SimpleSound.obj
 0007:0000026c       __76CD430D_winerror@h      000000014005126c     Framework:SimpleSound.obj
 0007:0000026d       __737D49DB_winbase@h       000000014005126d     Framework:SimpleSound.obj
 0007:0000026e       __1B9502AC_winuser@h       000000014005126e     Framework:SimpleSound.obj
 0007:0000026f       __376EBCA0_winioctl@h      000000014005126f     Framework:SimpleSound.obj
 0007:00000270       __24E9E95F_stdlib@h        0000000140051270     Framework:SimpleSound.obj
 0007:00000271       __2CCBBE23_propidl@h       0000000140051271     Framework:SimpleSound.obj
 0007:00000272       __AD360DAF_oleauto@h       0000000140051272     Framework:SimpleSound.obj
 0007:00000273       __0396F1A5_stralign@h      0000000140051273     Framework:SimpleSound.obj
 0007:00000274       __6FB55B51_vcruntime_new@h 0000000140051274     Framework:SimpleSound.obj
 0007:00000275       __09340588_corecrt_math@h  0000000140051275     Framework:SimpleSound.obj
 0007:00000276       __2D36C687_cstdlib         0000000140051276     Framework:SimpleSound.obj
 0007:00000277       __28267CD6_type_traits     0000000140051277     Framework:SimpleSound.obj
 0007:00000278       __B0C4CEA9_malloc@h        0000000140051278     Framework:SimpleSound.obj
 0007:00000279       __AC5E3E9C_vcruntime_exception@h 0000000140051279     Framework:SimpleSound.obj
 0007:0000027a       __02C97111_exception       000000014005127a     Framework:SimpleSound.obj
 0007:0000027b       __FC2180FC_xutility        000000014005127b     Framework:SimpleSound.obj
 0007:0000027c       __0674EF3E_tuple           000000014005127c     Framework:SimpleSound.obj
 0007:0000027d       __5467428D_corecrt_wconio@h 000000014005127d     Framework:SimpleSound.obj
 0007:0000027e       __4442441F_corecrt_wio@h   000000014005127e     Framework:SimpleSound.obj
 0007:0000027f       __45F4AF76_corecrt_wtime@h 000000014005127f     Framework:SimpleSound.obj
 0007:00000280       __186FF47F_stat@h          0000000140051280     Framework:SimpleSound.obj
 0007:00000281       __534C724A_wchar@h         0000000140051281     Framework:SimpleSound.obj
 0007:00000282       __B59FDD0E_limits          0000000140051282     Framework:SimpleSound.obj
 0007:00000283       __70AE20CF_xmemory         0000000140051283     Framework:SimpleSound.obj
 0007:00000284       __A97E0A7D_xtree           0000000140051284     Framework:SimpleSound.obj
 0007:00000285       __85274DF2_SimpleSound@h   0000000140051285     Framework:SimpleSound.obj
 0007:00000286       __5D88DC1E_SimpleSound@cpp 0000000140051286     Framework:SimpleSound.obj
 0007:00000287       __B087C87A_map             0000000140051287     Framework:SimpleSound.obj
 0007:00000288       __1A3B430C_utility         0000000140051288     Framework:SimpleSound.obj
 0007:00000289       __ED24D41E_xstddef         0000000140051289     Framework:SimpleSound.obj
 0007:00000293       __F66CEB67_corecrt_stdio_config@h 0000000140051293     Framework:TextureLoader.obj
 0007:00000294       __101834BA_corecrt_wstdio@h 0000000140051294     Framework:TextureLoader.obj
 0007:00000295       __AD6A91B7_stdio@h         0000000140051295     Framework:TextureLoader.obj
 0007:00000296       __367CC694_corecrt_memcpy_s@h 0000000140051296     Framework:TextureLoader.obj
 0007:00000297       __35D7DDB3_corecrt_memory@h 0000000140051297     Framework:TextureLoader.obj
 0007:00000298       __DC9673E3_corecrt_wstring@h 0000000140051298     Framework:TextureLoader.obj
 0007:00000299       __A29A7DFB_string@h        0000000140051299     Framework:TextureLoader.obj
 0007:0000029a       __E6E0639A_mbstring@h      000000014005129a     Framework:TextureLoader.obj
 0007:0000029b       __62A468D7_tchar@h         000000014005129b     Framework:TextureLoader.obj
 0007:0000029c       __24E9E95F_stdlib@h        000000014005129c     Framework:TextureLoader.obj
 0007:0000029d       __0F239F95_TextureLoader@cpp 000000014005129d     Framework:TextureLoader.obj
 000a:00000170       $R000000                   0000000140054170     * linker generated manifest res *

 Exports

  ordinal    name

